Archive member included to satisfy reference by file (symbol)

d:/app/mounriver_studio/mounriver_studio2/resources/app/resources/win32/components/wch/toolchain/risc-v embedded gcc12/bin/../lib/gcc/riscv-wch-elf/12.2.0/rv32imac_zba_zbb_zbc_zbs_xw/ilp32\libgcc.a(_divdi3.o)
                              ./Peripheral/src/ch32h417_usart.o (__divdi3)
d:/app/mounriver_studio/mounriver_studio2/resources/app/resources/win32/components/wch/toolchain/risc-v embedded gcc12/bin/../lib/gcc/riscv-wch-elf/12.2.0/rv32imac_zba_zbb_zbc_zbs_xw/ilp32\libgcc.a(_udivdi3.o)
                              ./Peripheral/src/ch32h417_usart.o (__udivdi3)
d:/app/mounriver_studio/mounriver_studio2/resources/app/resources/win32/components/wch/toolchain/risc-v embedded gcc12/bin/../lib/gcc/riscv-wch-elf/12.2.0/rv32imac_zba_zbb_zbc_zbs_xw/ilp32\libgcc.a(save-restore.o)
                              ./Peripheral/src/ch32h417_flash.o (__riscv_save_7)
d:/app/mounriver_studio/mounriver_studio2/resources/app/resources/win32/components/wch/toolchain/risc-v embedded gcc12/bin/../lib/gcc/riscv-wch-elf/12.2.0/rv32imac_zba_zbb_zbc_zbs_xw/ilp32\libgcc.a(_clz.o)
                              d:/app/mounriver_studio/mounriver_studio2/resources/app/resources/win32/components/wch/toolchain/risc-v embedded gcc12/bin/../lib/gcc/riscv-wch-elf/12.2.0/rv32imac_zba_zbb_zbc_zbs_xw/ilp32\libgcc.a(_divdi3.o) (__clz_tab)
d:/app/mounriver_studio/mounriver_studio2/resources/app/resources/win32/components/wch/toolchain/risc-v embedded gcc12/bin/../lib/gcc/riscv-wch-elf/12.2.0/../../../../riscv-wch-elf/lib/rv32imac_zba_zbb_zbc_zbs_xw/ilp32\libg_nano.a(lib_a-memcpy-asm.o)
                              ./Common/UVC/uvc.o (memcpy)
d:/app/mounriver_studio/mounriver_studio2/resources/app/resources/win32/components/wch/toolchain/risc-v embedded gcc12/bin/../lib/gcc/riscv-wch-elf/12.2.0/../../../../riscv-wch-elf/lib/rv32imac_zba_zbb_zbc_zbs_xw/ilp32\libg_nano.a(lib_a-printf.o)
                              ./Common/DVP/ov2640.o (printf)
d:/app/mounriver_studio/mounriver_studio2/resources/app/resources/win32/components/wch/toolchain/risc-v embedded gcc12/bin/../lib/gcc/riscv-wch-elf/12.2.0/../../../../riscv-wch-elf/lib/rv32imac_zba_zbb_zbc_zbs_xw/ilp32\libg_nano.a(lib_a-puts.o)
                              ./User/main.o (puts)
d:/app/mounriver_studio/mounriver_studio2/resources/app/resources/win32/components/wch/toolchain/risc-v embedded gcc12/bin/../lib/gcc/riscv-wch-elf/12.2.0/../../../../riscv-wch-elf/lib/rv32imac_zba_zbb_zbc_zbs_xw/ilp32\libg_nano.a(lib_a-wbuf.o)
                              d:/app/mounriver_studio/mounriver_studio2/resources/app/resources/win32/components/wch/toolchain/risc-v embedded gcc12/bin/../lib/gcc/riscv-wch-elf/12.2.0/../../../../riscv-wch-elf/lib/rv32imac_zba_zbb_zbc_zbs_xw/ilp32\libg_nano.a(lib_a-puts.o) (__swbuf_r)
d:/app/mounriver_studio/mounriver_studio2/resources/app/resources/win32/components/wch/toolchain/risc-v embedded gcc12/bin/../lib/gcc/riscv-wch-elf/12.2.0/../../../../riscv-wch-elf/lib/rv32imac_zba_zbb_zbc_zbs_xw/ilp32\libg_nano.a(lib_a-wsetup.o)
                              d:/app/mounriver_studio/mounriver_studio2/resources/app/resources/win32/components/wch/toolchain/risc-v embedded gcc12/bin/../lib/gcc/riscv-wch-elf/12.2.0/../../../../riscv-wch-elf/lib/rv32imac_zba_zbb_zbc_zbs_xw/ilp32\libg_nano.a(lib_a-puts.o) (__swsetup_r)
d:/app/mounriver_studio/mounriver_studio2/resources/app/resources/win32/components/wch/toolchain/risc-v embedded gcc12/bin/../lib/gcc/riscv-wch-elf/12.2.0/../../../../riscv-wch-elf/lib/rv32imac_zba_zbb_zbc_zbs_xw/ilp32\libg_nano.a(lib_a-fflush.o)
                              d:/app/mounriver_studio/mounriver_studio2/resources/app/resources/win32/components/wch/toolchain/risc-v embedded gcc12/bin/../lib/gcc/riscv-wch-elf/12.2.0/../../../../riscv-wch-elf/lib/rv32imac_zba_zbb_zbc_zbs_xw/ilp32\libg_nano.a(lib_a-wbuf.o) (_fflush_r)
d:/app/mounriver_studio/mounriver_studio2/resources/app/resources/win32/components/wch/toolchain/risc-v embedded gcc12/bin/../lib/gcc/riscv-wch-elf/12.2.0/../../../../riscv-wch-elf/lib/rv32imac_zba_zbb_zbc_zbs_xw/ilp32\libg_nano.a(lib_a-findfp.o)
                              d:/app/mounriver_studio/mounriver_studio2/resources/app/resources/win32/components/wch/toolchain/risc-v embedded gcc12/bin/../lib/gcc/riscv-wch-elf/12.2.0/../../../../riscv-wch-elf/lib/rv32imac_zba_zbb_zbc_zbs_xw/ilp32\libg_nano.a(lib_a-printf.o) (__sinit)
d:/app/mounriver_studio/mounriver_studio2/resources/app/resources/win32/components/wch/toolchain/risc-v embedded gcc12/bin/../lib/gcc/riscv-wch-elf/12.2.0/../../../../riscv-wch-elf/lib/rv32imac_zba_zbb_zbc_zbs_xw/ilp32\libg_nano.a(lib_a-fwalk.o)
                              d:/app/mounriver_studio/mounriver_studio2/resources/app/resources/win32/components/wch/toolchain/risc-v embedded gcc12/bin/../lib/gcc/riscv-wch-elf/12.2.0/../../../../riscv-wch-elf/lib/rv32imac_zba_zbb_zbc_zbs_xw/ilp32\libg_nano.a(lib_a-findfp.o) (_fwalk)
[...]
Memory Configuration

Name             Origin             Length             Attributes
FLASH            0x0000000000000000 0x0000000000030000 xr
RAM_CODE         0x0000000020100000 0x0000000000030000 xrw
RAM              0x0000000020130100 0x000000000004ff00 xrw
RAM_LOAD         0x0000000020130000 0x0000000000000100 xrw
*default*        0x0000000000000000 0xffffffffffffffff

Linker script and memory map

LOAD ./User/ch32h417_it.o
LOAD ./User/main.o
LOAD ./User/system_ch32h417.o
LOAD ./Startup/startup_ch32h417_v3f.o
LOAD ./Peripheral/src/ch32h417_adc.o
LOAD ./Peripheral/src/ch32h417_can.o
LOAD ./Peripheral/src/ch32h417_crc.o
LOAD ./Peripheral/src/ch32h417_dac.o
LOAD ./Peripheral/src/ch32h417_dbgmcu.o
LOAD ./Peripheral/src/ch32h417_dfsdm.o
LOAD ./Peripheral/src/ch32h417_dma.o
LOAD ./Peripheral/src/ch32h417_dvp.o
LOAD ./Peripheral/src/ch32h417_ecdc.o
LOAD ./Peripheral/src/ch32h417_eth.o
LOAD ./Peripheral/src/ch32h417_exti.o
LOAD ./Peripheral/src/ch32h417_flash.o
LOAD ./Peripheral/src/ch32h417_fmc.o
LOAD ./Peripheral/src/ch32h417_gpha.o
LOAD ./Peripheral/src/ch32h417_gpio.o
LOAD ./Peripheral/src/ch32h417_hsadc.o
LOAD ./Peripheral/src/ch32h417_hsem.o
LOAD ./Peripheral/src/ch32h417_i2c.o
LOAD ./Peripheral/src/ch32h417_i3c.o
LOAD ./Peripheral/src/ch32h417_ipc.o
LOAD ./Peripheral/src/ch32h417_iwdg.o
LOAD ./Peripheral/src/ch32h417_lptim.o
LOAD ./Peripheral/src/ch32h417_ltdc.o
LOAD ./Peripheral/src/ch32h417_opa.o
LOAD ./Peripheral/src/ch32h417_pwr.o
LOAD ./Peripheral/src/ch32h417_qspi.o
LOAD ./Peripheral/src/ch32h417_rcc.o
LOAD ./Peripheral/src/ch32h417_rng.o
LOAD ./Peripheral/src/ch32h417_rtc.o
LOAD ./Peripheral/src/ch32h417_sai.o
LOAD ./Peripheral/src/ch32h417_sdio.o
LOAD ./Peripheral/src/ch32h417_sdmmc.o
LOAD ./Peripheral/src/ch32h417_serdes.o
LOAD ./Peripheral/src/ch32h417_spi.o
LOAD ./Peripheral/src/ch32h417_swpmi.o
LOAD ./Peripheral/src/ch32h417_tim.o
LOAD ./Peripheral/src/ch32h417_usart.o
LOAD ./Peripheral/src/ch32h417_wwdg.o
LOAD ./Debug/debug.o
LOAD ./Core/core_riscv.o
LOAD ./Common/UVC/uvc.o
LOAD ./Common/UVC/uvcclassdes.o
LOAD ./Common/DVP/dvp.o
LOAD ./Common/DVP/ov2640.o
LOAD ./Common/ch32h417_usbhs_device.o
LOAD ./Common/ch32h417_usbss_device.o
LOAD ./Common/ch32h417_usbss_it.o
LOAD ./Common/hardware.o
LOAD ./Common/usb_desc.o
LOAD d:/app/mounriver_studio/mounriver_studio2/resources/app/resources/win32/components/wch/toolchain/risc-v embedded gcc12/bin/../lib/gcc/riscv-wch-elf/12.2.0/../../../../riscv-wch-elf/lib/rv32imac_zba_zbb_zbc_zbs_xw/ilp32\libm_nano.a
LOAD d:/app/mounriver_studio/mounriver_studio2/resources/app/resources/win32/components/wch/toolchain/risc-v embedded gcc12/bin/../lib/gcc/riscv-wch-elf/12.2.0/rv32imac_zba_zbb_zbc_zbs_xw/ilp32\libgcc.a
LOAD d:/app/mounriver_studio/mounriver_studio2/resources/app/resources/win32/components/wch/toolchain/risc-v embedded gcc12/bin/../lib/gcc/riscv-wch-elf/12.2.0/../../../../riscv-wch-elf/lib/rv32imac_zba_zbb_zbc_zbs_xw/ilp32\libg_nano.a
LOAD d:/app/mounriver_studio/mounriver_studio2/resources/app/resources/win32/components/wch/toolchain/risc-v embedded gcc12/bin/../lib/gcc/riscv-wch-elf/12.2.0/../../../../riscv-wch-elf/lib/rv32imac_zba_zbb_zbc_zbs_xw/ilp32\libc_nano.a
LOAD d:/app/mounriver_studio/mounriver_studio2/resources/app/resources/win32/components/wch/toolchain/risc-v embedded gcc12/bin/../lib/gcc/riscv-wch-elf/12.2.0/rv32imac_zba_zbb_zbc_zbs_xw/ilp32\libgcc.a
START GROUP
LOAD d:/app/mounriver_studio/mounriver_studio2/resources/app/resources/win32/components/wch/toolchain/risc-v embedded gcc12/bin/../lib/gcc/riscv-wch-elf/12.2.0/rv32imac_zba_zbb_zbc_zbs_xw/ilp32\libgcc.a
LOAD d:/app/mounriver_studio/mounriver_studio2/resources/app/resources/win32/components/wch/toolchain/risc-v embedded gcc12/bin/../lib/gcc/riscv-wch-elf/12.2.0/../../../../riscv-wch-elf/lib/rv32imac_zba_zbb_zbc_zbs_xw/ilp32\libc_nano.a
LOAD d:/app/mounriver_studio/mounriver_studio2/resources/app/resources/win32/components/wch/toolchain/risc-v embedded gcc12/bin/../lib/gcc/riscv-wch-elf/12.2.0/../../../../riscv-wch-elf/lib/rv32imac_zba_zbb_zbc_zbs_xw/ilp32\libnosys.a
END GROUP
START GROUP
LOAD d:/app/mounriver_studio/mounriver_studio2/resources/app/resources/win32/components/wch/toolchain/risc-v embedded gcc12/bin/../lib/gcc/riscv-wch-elf/12.2.0/rv32imac_zba_zbb_zbc_zbs_xw/ilp32\libgcc.a
LOAD d:/app/mounriver_studio/mounriver_studio2/resources/app/resources/win32/components/wch/toolchain/risc-v embedded gcc12/bin/../lib/gcc/riscv-wch-elf/12.2.0/../../../../riscv-wch-elf/lib/rv32imac_zba_zbb_zbc_zbs_xw/ilp32\libc_nano.a
LOAD d:/app/mounriver_studio/mounriver_studio2/resources/app/resources/win32/components/wch/toolchain/risc-v embedded gcc12/bin/../lib/gcc/riscv-wch-elf/12.2.0/../../../../riscv-wch-elf/lib/rv32imac_zba_zbb_zbc_zbs_xw/ilp32\libnosys.a
END GROUP
                0x0000000000001000                __stack_size = 0x1000
                [!provide]                        PROVIDE (_stack_size = __stack_size)

.init           0x0000000000000000        0x8
                0x0000000000000000                _sinit = .
                0x0000000000000000                . = ALIGN (0x4)
 *(SORT_NONE(.init))
 .init          0x0000000000000000        0x6 ./Startup/startup_ch32h417_v3f.o
                0x0000000000000000                _start
                0x0000000000000008                . = ALIGN (0x4)
 *fill*         0x0000000000000006        0x2 
                0x0000000000000008                _einit = .

.loadcodelalign
                0x0000000000000008        0x0
                0x0000000000000008                . = ALIGN (0x4)
                0x0000000000000008                PROVIDE (_loadcode_lma = .)

.loadcode       0x0000000020130000       0xec load address 0x0000000000000008
                0x0000000020130000                . = ALIGN (0x4)
                0x0000000020130000                PROVIDE (_loadcode_vma_start = .)
 *(.load)
 .load          0x0000000020130000       0xea ./Startup/startup_ch32h417_v3f.o
                0x00000000201300ec                . = ALIGN (0x4)
 *fill*         0x00000000201300ea        0x2 
                0x00000000201300ec                PROVIDE (_loadcode_vma_end = .)

.highcodelalign
                0x00000000000000f4        0x0
                0x00000000000000f4                . = ALIGN (0x4)
                0x00000000000000f4                PROVIDE (_highcode_lma = .)

.highcode       0x0000000020100000     0x5f00 load address 0x00000000000000f4
                0x0000000020100000                . = ALIGN (0x4)
                0x0000000020100000                PROVIDE (_highcode_vma_start = .)
 *(.vector)
 .vector        0x0000000020100000      0x254 ./Startup/startup_ch32h417_v3f.o
 *(SORT_NONE(.vector_handler))
 *(.text)
 .text          0x0000000020100254       0x60 d:/app/mounriver_studio/mounriver_studio2/resources/app/resources/win32/components/wch/toolchain/risc-v embedded gcc12/bin/../lib/gcc/riscv-wch-elf/12.2.0/rv32imac_zba_zbb_zbc_zbs_xw/ilp32\libgcc.a(save-restore.o)
                0x0000000020100254                __riscv_save_12
                0x000000002010025c                __riscv_save_9
                0x000000002010025c                __riscv_save_11
                0x000000002010025c                __riscv_save_10
                0x000000002010025c                __riscv_save_8
                0x000000002010026a                __riscv_save_4
                0x000000002010026a                __riscv_save_6
                0x000000002010026a                __riscv_save_5
                0x000000002010026a                __riscv_save_7
                0x0000000020100284                __riscv_save_3
                0x0000000020100284                __riscv_save_2
                0x0000000020100284                __riscv_save_1
                0x0000000020100284                __riscv_save_0
                0x0000000020100290                __riscv_restore_12
                0x0000000020100294                __riscv_restore_11
                0x0000000020100294                __riscv_restore_9
                0x0000000020100294                __riscv_restore_10
                0x0000000020100294                __riscv_restore_8
                0x000000002010029e                __riscv_restore_5
                0x000000002010029e                __riscv_restore_7
                0x000000002010029e                __riscv_restore_6
                0x000000002010029e                __riscv_restore_4
                0x00000000201002a8                __riscv_restore_3
                0x00000000201002a8                __riscv_restore_0
                0x00000000201002a8                __riscv_restore_2
                0x00000000201002a8                __riscv_restore_1
 .text          0x00000000201002b4       0x16 d:/app/mounriver_studio/mounriver_studio2/resources/app/resources/win32/components/wch/toolchain/risc-v embedded gcc12/bin/../lib/gcc/riscv-wch-elf/12.2.0/../../../../riscv-wch-elf/lib/rv32imac_zba_zbb_zbc_zbs_xw/ilp32\libg_nano.a(lib_a-memcpy-asm.o)
                0x00000000201002b4                memcpy
 .text          0x00000000201002ca       0x10 d:/app/mounriver_studio/mounriver_studio2/resources/app/resources/win32/components/wch/toolchain/risc-v embedded gcc12/bin/../lib/gcc/riscv-wch-elf/12.2.0/../../../../riscv-wch-elf/lib/rv32imac_zba_zbb_zbc_zbs_xw/ilp32\libg_nano.a(lib_a-memset.o)
                0x00000000201002ca                memset
 *(.text.*)
 .text.NMI_Handler
                0x00000000201002da        0x2 ./User/ch32h417_it.o
                0x00000000201002da                NMI_Handler
 .text.HardFault_Handler
                0x00000000201002dc       0x10 ./User/ch32h417_it.o
                0x00000000201002dc                HardFault_Handler
 .text.startup.main
                0x00000000201002ec       0x44 ./User/main.o
                0x00000000201002ec                main
 .text.SystemInit
                0x0000000020100330      0x1b2 ./User/system_ch32h417.o
                0x0000000020100330                SystemInit
 .text.SystemAndCoreClockUpdate
                0x00000000201004e2      0x172 ./User/system_ch32h417.o
                0x00000000201004e2                SystemAndCoreClockUpdate
 .text.vector_handler
                0x0000000020100654        0x2 ./Startup/startup_ch32h417_v3f.o
                0x0000000020100654                TIM8_TRG_COM_IRQHandler
                0x0000000020100654                TIM8_CC_IRQHandler
                0x0000000020100654                USART_WKUP_IRQHandler
                0x0000000020100654                SPI4_IRQHandler
                0x0000000020100654                DFSDM0_IRQHandler
                0x0000000020100654                TIM1_CC_IRQHandler
                0x0000000020100654                TIM10_IRQHandler
                0x0000000020100654                IPC_CH2_Handler
                0x0000000020100654                USBPD_IRQHandler
                0x0000000020100654                TIM6_IRQHandler
                0x0000000020100654                CAN3_RX1_IRQHandler
                0x0000000020100654                I3C_ER_IRQHandler
                0x0000000020100654                SDIO_IRQHandler
                0x0000000020100654                DMA2_Channel8_IRQHandler
                0x0000000020100654                CAN2_RX1_IRQHandler
                0x0000000020100654                HSEM_Handler
                0x0000000020100654                LPTIM2_IRQHandler
                0x0000000020100654                USBFSWakeup_IRQHandler
                0x0000000020100654                I2C3_ER_IRQHandler
                0x0000000020100654                USBFS_IRQHandler
                0x0000000020100654                USART8_IRQHandler
                0x0000000020100654                I2C2_EV_IRQHandler
                0x0000000020100654                CAN1_RX0_IRQHandler
                0x0000000020100654                CAN3_SCE_IRQHandler
                0x0000000020100654                CAN2_SCE_IRQHandler
                0x0000000020100654                ADC1_2_IRQHandler
                0x0000000020100654                Break_Point_Handler
                0x0000000020100654                IPC_CH0_Handler
                0x0000000020100654                SPI1_IRQHandler
                0x0000000020100654                USART5_IRQHandler
                0x0000000020100654                SysTick0_Handler
                0x0000000020100654                EXTI7_0_IRQHandler
                0x0000000020100654                CAN2_RX0_IRQHandler
                0x0000000020100654                TIM8_UP_IRQHandler
                0x0000000020100654                Ecall_M_Mode_Handler
                0x0000000020100654                ECDC_IRQHandler
                0x0000000020100654                SDMMC_IRQHandler
                0x0000000020100654                USART7_IRQHandler
                0x0000000020100654                DMA2_Channel2_IRQHandler
                0x0000000020100654                DMA1_Channel4_IRQHandler
                0x0000000020100654                USART6_IRQHandler
                0x0000000020100654                CAN3_RX0_IRQHandler
                0x0000000020100654                HSADC_IRQHandler
                0x0000000020100654                USART3_IRQHandler
                0x0000000020100654                RTC_IRQHandler
                0x0000000020100654                DMA1_Channel7_IRQHandler
                0x0000000020100654                CAN1_RX1_IRQHandler
                0x0000000020100654                SWPMI_IRQHandler
                0x0000000020100654                USBPDWakeUp_IRQHandler
                0x0000000020100654                EXTI15_8_IRQHandler
                0x0000000020100654                TIM4_IRQHandler
                0x0000000020100654                DMA2_Channel1_IRQHandler
                0x0000000020100654                SWPMI_WKUP_IRQHandler
                0x0000000020100654                I2C1_EV_IRQHandler
                0x0000000020100654                USBSSWakeup_IRQHandler
                0x0000000020100654                USART4_IRQHandler
                0x0000000020100654                DMA1_Channel6_IRQHandler
                0x0000000020100654                DMA2_Channel4_IRQHandler
                0x0000000020100654                TIM3_IRQHandler
                0x0000000020100654                RCC_IRQHandler
                0x0000000020100654                TIM1_TRG_COM_IRQHandler
                0x0000000020100654                DMA1_Channel1_IRQHandler
                0x0000000020100654                DMA2_Channel7_IRQHandler
                0x0000000020100654                QSPI1_IRQHandler
                0x0000000020100654                DMA1_Channel8_IRQHandler
                0x0000000020100654                IPC_CH3_Handler
                0x0000000020100654                I3C_EV_IRQHandler
                0x0000000020100654                I3C_WKUP_IRQHandler
                0x0000000020100654                TIM7_IRQHandler
                0x0000000020100654                CAN2_TX_IRQHandler
                0x0000000020100654                TIM5_IRQHandler
                0x0000000020100654                I2C3_EV_IRQHandler
                0x0000000020100654                PIOC_IRQHandler
                0x0000000020100654                TIM9_IRQHandler
                0x0000000020100654                LTDC_IRQHandler
                0x0000000020100654                SAI_IRQHandler
                0x0000000020100654                ETH_WKUP_IRQHandler
                0x0000000020100654                SPI2_IRQHandler
                0x0000000020100654                IPC_CH1_Handler
                0x0000000020100654                LPTIM1_WKUP_IRQHandler
                0x0000000020100654                CAN1_TX_IRQHandler
                0x0000000020100654                DMA2_Channel5_IRQHandler
                0x0000000020100654                DMA1_Channel5_IRQHandler
                0x0000000020100654                QSPI2_IRQHandler
                0x0000000020100654                RNG_IRQHandler
                0x0000000020100654                DMA1_Channel3_IRQHandler
                0x0000000020100654                ETH_IRQHandler
                0x0000000020100654                TIM1_UP_IRQHandler
                0x0000000020100654                WWDG_IRQHandler
                0x0000000020100654                USBHSWakeup_IRQHandler
                0x0000000020100654                Ecall_U_Mode_Handler
                0x0000000020100654                I2C4_EV_IRQHandler
                0x0000000020100654                CAN3_TX_IRQHandler
                0x0000000020100654                DMA2_Channel6_IRQHandler
                0x0000000020100654                TIM2_IRQHandler
                0x0000000020100654                SW_Handler
                0x0000000020100654                TIM1_BRK_IRQHandler
                0x0000000020100654                GPHA_IRQHandler
                0x0000000020100654                LPTIM2_WKUP_IRQHandler
                0x0000000020100654                RTCAlarm_IRQHandler
                0x0000000020100654                TIM11_IRQHandler
                0x0000000020100654                USART2_IRQHandler
                0x0000000020100654                UHSIF_IRQHandler
                0x0000000020100654                I2C2_ER_IRQHandler
                0x0000000020100654                DMA1_Channel2_IRQHandler
                0x0000000020100654                TIM8_BRK_IRQHandler
                0x0000000020100654                CAN1_SCE_IRQHandler
                0x0000000020100654                FLASH_IRQHandler
                0x0000000020100654                USART1_IRQHandler
                0x0000000020100654                SPI3_IRQHandler
                0x0000000020100654                I2C1_ER_IRQHandler
                0x0000000020100654                FMC_IRQHandler
                0x0000000020100654                SysTick1_Handler
                0x0000000020100654                LPTIM1_IRQHandler
                0x0000000020100654                DFSDM1_IRQHandler
                0x0000000020100654                I2C4_ER_IRQHandler
                0x0000000020100654                SERDES_IRQHandler
                0x0000000020100654                DMA2_Channel3_IRQHandler
 .text.FLASH_BOOT_GetMode
                0x0000000020100656       0x36 ./Peripheral/src/ch32h417_flash.o
                0x0000000020100656                FLASH_BOOT_GetMode
 .text.FLASH_GetUserOptionByte
                0x000000002010068c        0xa ./Peripheral/src/ch32h417_flash.o
                0x000000002010068c                FLASH_GetUserOptionByte
 .text.GPIO_Init
                0x0000000020100696       0xe0 ./Peripheral/src/ch32h417_gpio.o
                0x0000000020100696                GPIO_Init
 .text.GPIO_PinAFConfig
                0x0000000020100776      0x1e8 ./Peripheral/src/ch32h417_gpio.o
                0x0000000020100776                GPIO_PinAFConfig
 .text.GPIO_IPD_Unused
                0x000000002010095e      0x1f8 ./Peripheral/src/ch32h417_gpio.o
                0x000000002010095e                GPIO_IPD_Unused
 .text.RCC_GetClocksFreq
                0x0000000020100b56      0x1a2 ./Peripheral/src/ch32h417_rcc.o
                0x0000000020100b56                RCC_GetClocksFreq
 .text.RCC_HBPeriphClockCmd
                0x0000000020100cf8       0x1c ./Peripheral/src/ch32h417_rcc.o
                0x0000000020100cf8                RCC_HBPeriphClockCmd
 .text.RCC_HB2PeriphClockCmd
                0x0000000020100d14       0x1c ./Peripheral/src/ch32h417_rcc.o
                0x0000000020100d14                RCC_HB2PeriphClockCmd
 .text.RCC_HB1PeriphClockCmd
                0x0000000020100d30       0x1c ./Peripheral/src/ch32h417_rcc.o
                0x0000000020100d30                RCC_HB1PeriphClockCmd
 .text.RCC_USBHS_PLLCmd
                0x0000000020100d4c       0x16 ./Peripheral/src/ch32h417_rcc.o
                0x0000000020100d4c                RCC_USBHS_PLLCmd
 .text.RCC_USBSS_PLLCmd
                0x0000000020100d62       0x16 ./Peripheral/src/ch32h417_rcc.o
                0x0000000020100d62                RCC_USBSS_PLLCmd
 .text.RCC_PIPECmd
                0x0000000020100d78       0x16 ./Peripheral/src/ch32h417_rcc.o
                0x0000000020100d78                RCC_PIPECmd
 .text.RCC_UTMIcmd
                0x0000000020100d8e       0x16 ./Peripheral/src/ch32h417_rcc.o
                0x0000000020100d8e                RCC_UTMIcmd
 .text.RCC_USBHSPLLCLKConfig
                0x0000000020100da4       0x12 ./Peripheral/src/ch32h417_rcc.o
                0x0000000020100da4                RCC_USBHSPLLCLKConfig
 .text.RCC_USBHSPLLReferConfig
                0x0000000020100db6       0x12 ./Peripheral/src/ch32h417_rcc.o
                0x0000000020100db6                RCC_USBHSPLLReferConfig
 .text.RCC_USBHSPLLClockSourceDivConfig
                0x0000000020100dc8       0x18 ./Peripheral/src/ch32h417_rcc.o
                0x0000000020100dc8                RCC_USBHSPLLClockSourceDivConfig
 .text.SWPMI_BypassCmd
                0x0000000020100de0       0x1c ./Peripheral/src/ch32h417_swpmi.o
                0x0000000020100de0                SWPMI_BypassCmd
 .text.TIM_GetITStatus
                0x0000000020100dfc       0x18 ./Peripheral/src/ch32h417_tim.o
                0x0000000020100dfc                TIM_GetITStatus
 .text.TIM_ClearITPendingBit
                0x0000000020100e14        0xc ./Peripheral/src/ch32h417_tim.o
                0x0000000020100e14                TIM_ClearITPendingBit
 .text.TIM9_12_TimeBaseInit
                0x0000000020100e20       0x26 ./Peripheral/src/ch32h417_tim.o
                0x0000000020100e20                TIM9_12_TimeBaseInit
 .text.USART_Init
                0x0000000020100e46       0x90 ./Peripheral/src/ch32h417_usart.o
                0x0000000020100e46                USART_Init
 .text.USART_Cmd
                0x0000000020100ed6       0x14 ./Peripheral/src/ch32h417_usart.o
                0x0000000020100ed6                USART_Cmd
 .text.USART_SendData
                0x0000000020100eea        0x8 ./Peripheral/src/ch32h417_usart.o
                0x0000000020100eea                USART_SendData
 .text.USART_GetFlagStatus
                0x0000000020100ef2        0xa ./Peripheral/src/ch32h417_usart.o
                0x0000000020100ef2                USART_GetFlagStatus
 .text.Delay_Init
                0x0000000020100efc       0x2e ./Debug/debug.o
                0x0000000020100efc                Delay_Init
 .text.Delay_Us
                0x0000000020100f2a       0x36 ./Debug/debug.o
                0x0000000020100f2a                Delay_Us
 .text.Delay_Ms
                0x0000000020100f60       0x36 ./Debug/debug.o
                0x0000000020100f60                Delay_Ms
 .text.USART_Printf_Init
                0x0000000020100f96       0x6e ./Debug/debug.o
                0x0000000020100f96                USART_Printf_Init
 .text._write   0x0000000020101004       0x3a ./Debug/debug.o
                0x0000000020101004                _write
 .text._sbrk    0x000000002010103e       0x2a ./Debug/debug.o
                0x000000002010103e                _sbrk
 .text.SS_CtrlCamera
                0x0000000020101068      0x13a ./Common/UVC/uvc.o
                0x0000000020101068                SS_CtrlCamera
 .text.HS_CtrlCamera
                0x00000000201011a2      0x15a ./Common/UVC/uvc.o
                0x00000000201011a2                HS_CtrlCamera
 .text.HS_Endp1_Hander
                0x00000000201012fc       0x3a ./Common/UVC/uvc.o
                0x00000000201012fc                HS_Endp1_Hander
 .text.HS_Endp1_ISOHander
                0x0000000020101336      0x254 ./Common/UVC/uvc.o
                0x0000000020101336                HS_Endp1_ISOHander
 .text.SS_Endp1_Hander
                0x000000002010158a      0x196 ./Common/UVC/uvc.o
                0x000000002010158a                SS_Endp1_Hander
 .text.DVP_Hander
                0x0000000020101720      0x15a ./Common/UVC/uvc.o
                0x0000000020101720                DVP_Hander
 .text.USBHS_UVC_NonStandardReq
                0x000000002010187a      0x1f0 ./Common/UVC/uvcclassdes.o
                0x000000002010187a                USBHS_UVC_NonStandardReq
 .text.USBSS_UVC_NonStandardReq
                0x0000000020101a6a      0x1f0 ./Common/UVC/uvcclassdes.o
                0x0000000020101a6a                USBSS_UVC_NonStandardReq
 .text.DVP_IRQHandler
                0x0000000020101c5a        0x6 ./Common/DVP/dvp.o
                0x0000000020101c5a                DVP_IRQHandler
 .text.dvp_Init
                0x0000000020101c60       0xa2 ./Common/DVP/dvp.o
                0x0000000020101c60                dvp_Init
 .text.Dvp_Row_Col_Set
                0x0000000020101d02       0x4c ./Common/DVP/dvp.o
                0x0000000020101d02                Dvp_Row_Col_Set
 .text.SCCB_Init
                0x0000000020101d4e       0x34 ./Common/DVP/dvp.o
                0x0000000020101d4e                SCCB_Init
 .text.SCCB_Start
                0x0000000020101d82       0x34 ./Common/DVP/dvp.o
                0x0000000020101d82                SCCB_Start
 .text.SCCB_Stop
                0x0000000020101db6       0x36 ./Common/DVP/dvp.o
                0x0000000020101db6                SCCB_Stop
 .text.SCCB_No_Ack
                0x0000000020101dec       0x44 ./Common/DVP/dvp.o
                0x0000000020101dec                SCCB_No_Ack
 .text.SCCB_WR_Byte
                0x0000000020101e30       0x90 ./Common/DVP/dvp.o
                0x0000000020101e30                SCCB_WR_Byte
 .text.SCCB_RD_Byte
                0x0000000020101ec0       0x7a ./Common/DVP/dvp.o
                0x0000000020101ec0                SCCB_RD_Byte
 .text.SCCB_WR_Reg
                0x0000000020101f3a       0x42 ./Common/DVP/dvp.o
                0x0000000020101f3a                SCCB_WR_Reg
 .text.SCCB_RD_Reg
                0x0000000020101f7c       0x4e ./Common/DVP/dvp.o
                0x0000000020101f7c                SCCB_RD_Reg
 .text.DVP_GPIO_Init
                0x0000000020101fca      0x142 ./Common/DVP/ov2640.o
                0x0000000020101fca                DVP_GPIO_Init
 .text.OV2640_Init
                0x000000002010210c       0xa6 ./Common/DVP/ov2640.o
                0x000000002010210c                OV2640_Init
 .text.OV2640_Format_Mode
                0x00000000201021b2       0x78 ./Common/DVP/ov2640.o
                0x00000000201021b2                OV2640_Format_Mode
 .text.OV2640_OutSize_Set
                0x000000002010222a       0x66 ./Common/DVP/ov2640.o
                0x000000002010222a                OV2640_OutSize_Set
 .text.ov2640_speed_ctrl
                0x0000000020102290       0x2a ./Common/DVP/ov2640.o
                0x0000000020102290                ov2640_speed_ctrl
 .text.OV2640_Speed_Mode
                0x00000000201022ba       0x24 ./Common/DVP/ov2640.o
                0x00000000201022ba                OV2640_Speed_Mode
 .text.OV2640_Change_Resolution
                0x00000000201022de       0xd0 ./Common/DVP/ov2640.o
                0x00000000201022de                OV2640_Change_Resolution
 .text.USBHS_RCC_Init.part.0
                0x00000000201023ae       0x58 ./Common/ch32h417_usbhs_device.o
 .text.USB_TestMode_Deal
                0x0000000020102406       0xba ./Common/ch32h417_usbhs_device.o
                0x0000000020102406                USB_TestMode_Deal
 .text.USBHS_Device_Endp_Init
                0x00000000201024c0       0x56 ./Common/ch32h417_usbhs_device.o
                0x00000000201024c0                USBHS_Device_Endp_Init
 .text.USBHS_RCC_Init
                0x0000000020102516       0x38 ./Common/ch32h417_usbhs_device.o
                0x0000000020102516                USBHS_RCC_Init
 .text.USBHS_Device_Init
                0x000000002010254e       0x4e ./Common/ch32h417_usbhs_device.o
                0x000000002010254e                USBHS_Device_Init
 .text.USBHS_IRQHandler
                0x000000002010259c      0x91c ./Common/ch32h417_usbhs_device.o
                0x000000002010259c                USBHS_IRQHandler
 .text.USB_Timer_Start.part.0
                0x0000000020102eb8       0x34 ./Common/ch32h417_usbss_device.o
 .text.USBSS_PLL_Init.part.0
                0x0000000020102eec       0x1c ./Common/ch32h417_usbss_device.o
 .text.USBSS_RCC_Init.part.0
                0x0000000020102f08       0x32 ./Common/ch32h417_usbss_device.o
 .text.USBSS_RCC_Init
                0x0000000020102f3a       0x2a ./Common/ch32h417_usbss_device.o
                0x0000000020102f3a                USBSS_RCC_Init
 .text.USBSS_Device_Endp_Deinit
                0x0000000020102f64       0x14 ./Common/ch32h417_usbss_device.o
                0x0000000020102f64                USBSS_Device_Endp_Deinit
 .text.USBSS_Device_Endp_Init
                0x0000000020102f78       0x5e ./Common/ch32h417_usbss_device.o
                0x0000000020102f78                USBSS_Device_Endp_Init
 .text.USBSS_Reset_Init
                0x0000000020102fd6       0x56 ./Common/ch32h417_usbss_device.o
                0x0000000020102fd6                USBSS_Reset_Init
 .text.USB_Timer_Init
                0x000000002010302c       0x62 ./Common/ch32h417_usbss_device.o
                0x000000002010302c                USB_Timer_Init
 .text.USB_Timer_Start
                0x000000002010308e       0x3e ./Common/ch32h417_usbss_device.o
                0x000000002010308e                USB_Timer_Start
 .text.USBSS_LINK_Handle
                0x00000000201030cc      0x2b6 ./Common/ch32h417_usbss_device.o
                0x00000000201030cc                USBSS_LINK_Handle
 .text.SET_Device_Address
                0x0000000020103382       0x12 ./Common/ch32h417_usbss_device.o
                0x0000000020103382                SET_Device_Address
 .text.USBSS_CFG_MOD
                0x0000000020103394       0x50 ./Common/ch32h417_usbss_device.o
                0x0000000020103394                USBSS_CFG_MOD
 .text.USBSS_Device_Init
                0x00000000201033e4       0xf4 ./Common/ch32h417_usbss_device.o
                0x00000000201033e4                USBSS_Device_Init
 .text.TIM12_IRQHandler
                0x00000000201034d8       0xbc ./Common/ch32h417_usbss_device.o
                0x00000000201034d8                TIM12_IRQHandler
 .text.USBSS_LINK_IRQHandler
                0x0000000020103594        0xc ./Common/ch32h417_usbss_it.o
                0x0000000020103594                USBSS_LINK_IRQHandler
 .text.USBSS_Endp_Clear_Frature
                0x00000000201035a0       0x4c ./Common/ch32h417_usbss_it.o
                0x00000000201035a0                USBSS_Endp_Clear_Frature
 .text.USBSS_Endp_Set_Frature
                0x00000000201035ec       0x40 ./Common/ch32h417_usbss_it.o
                0x00000000201035ec                USBSS_Endp_Set_Frature
 .text.USBSS_Get_Endp_Status
                0x000000002010362c       0x52 ./Common/ch32h417_usbss_it.o
                0x000000002010362c                USBSS_Get_Endp_Status
 .text.USBSS_IRQHandler
                0x000000002010367e      0x642 ./Common/ch32h417_usbss_it.o
                0x000000002010367e                USBSS_IRQHandler
 .text.Hardware
                0x0000000020103cc0       0x46 ./Common/hardware.o
                0x0000000020103cc0                Hardware
 .text.__udivdi3
                0x0000000020103d06      0x39a d:/app/mounriver_studio/mounriver_studio2/resources/app/resources/win32/components/wch/toolchain/risc-v embedded gcc12/bin/../lib/gcc/riscv-wch-elf/12.2.0/rv32imac_zba_zbb_zbc_zbs_xw/ilp32\libgcc.a(_udivdi3.o)
                0x0000000020103d06                __udivdi3
 .text.printf   0x00000000201040a0       0x3a d:/app/mounriver_studio/mounriver_studio2/resources/app/resources/win32/components/wch/toolchain/risc-v embedded gcc12/bin/../lib/gcc/riscv-wch-elf/12.2.0/../../../../riscv-wch-elf/lib/rv32imac_zba_zbb_zbc_zbs_xw/ilp32\libg_nano.a(lib_a-printf.o)
                0x00000000201040a0                iprintf
                0x00000000201040a0                printf
 .text._puts_r  0x00000000201040da      0x104 d:/app/mounriver_studio/mounriver_studio2/resources/app/resources/win32/components/wch/toolchain/risc-v embedded gcc12/bin/../lib/gcc/riscv-wch-elf/12.2.0/../../../../riscv-wch-elf/lib/rv32imac_zba_zbb_zbc_zbs_xw/ilp32\libg_nano.a(lib_a-puts.o)
                0x00000000201040da                _puts_r
 .text.puts     0x00000000201041de        0x8 d:/app/mounriver_studio/mounriver_studio2/resources/app/resources/win32/components/wch/toolchain/risc-v embedded gcc12/bin/../lib/gcc/riscv-wch-elf/12.2.0/../../../../riscv-wch-elf/lib/rv32imac_zba_zbb_zbc_zbs_xw/ilp32\libg_nano.a(lib_a-puts.o)
                0x00000000201041de                puts
 .text.__swbuf_r
                0x00000000201041e6       0xbc d:/app/mounriver_studio/mounriver_studio2/resources/app/resources/win32/components/wch/toolchain/risc-v embedded gcc12/bin/../lib/gcc/riscv-wch-elf/12.2.0/../../../../riscv-wch-elf/lib/rv32imac_zba_zbb_zbc_zbs_xw/ilp32\libg_nano.a(lib_a-wbuf.o)
                0x00000000201041e6                __swbuf_r
 .text.__swsetup_r
                0x00000000201042a2       0xee d:/app/mounriver_studio/mounriver_studio2/resources/app/resources/win32/components/wch/toolchain/risc-v embedded gcc12/bin/../lib/gcc/riscv-wch-elf/12.2.0/../../../../riscv-wch-elf/lib/rv32imac_zba_zbb_zbc_zbs_xw/ilp32\libg_nano.a(lib_a-wsetup.o)
                0x00000000201042a2                __swsetup_r
 .text.__sflush_r
                0x0000000020104390      0x132 d:/app/mounriver_studio/mounriver_studio2/resources/app/resources/win32/components/wch/toolchain/risc-v embedded gcc12/bin/../lib/gcc/riscv-wch-elf/12.2.0/../../../../riscv-wch-elf/lib/rv32imac_zba_zbb_zbc_zbs_xw/ilp32\libg_nano.a(lib_a-fflush.o)
                0x0000000020104390                __sflush_r
 .text._fflush_r
                0x00000000201044c2       0x86 d:/app/mounriver_studio/mounriver_studio2/resources/app/resources/win32/components/wch/toolchain/risc-v embedded gcc12/bin/../lib/gcc/riscv-wch-elf/12.2.0/../../../../riscv-wch-elf/lib/rv32imac_zba_zbb_zbc_zbs_xw/ilp32\libg_nano.a(lib_a-fflush.o)
                0x00000000201044c2                _fflush_r
 .text.std      0x0000000020104548       0x66 d:/app/mounriver_studio/mounriver_studio2/resources/app/resources/win32/components/wch/toolchain/risc-v embedded gcc12/bin/../lib/gcc/riscv-wch-elf/12.2.0/../../../../riscv-wch-elf/lib/rv32imac_zba_zbb_zbc_zbs_xw/ilp32\libg_nano.a(lib_a-findfp.o)
 .text._cleanup_r
                0x00000000201045ae        0xa d:/app/mounriver_studio/mounriver_studio2/resources/app/resources/win32/components/wch/toolchain/risc-v embedded gcc12/bin/../lib/gcc/riscv-wch-elf/12.2.0/../../../../riscv-wch-elf/lib/rv32imac_zba_zbb_zbc_zbs_xw/ilp32\libg_nano.a(lib_a-findfp.o)
                0x00000000201045ae                _cleanup_r
 .text.__sfmoreglue
                0x00000000201045b8       0x46 d:/app/mounriver_studio/mounriver_studio2/resources/app/resources/win32/components/wch/toolchain/risc-v embedded gcc12/bin/../lib/gcc/riscv-wch-elf/12.2.0/../../../../riscv-wch-elf/lib/rv32imac_zba_zbb_zbc_zbs_xw/ilp32\libg_nano.a(lib_a-findfp.o)
                0x00000000201045b8                __sfmoreglue
 .text.__sfp_lock_acquire
                0x00000000201045fe        0xa d:/app/mounriver_studio/mounriver_studio2/resources/app/resources/win32/components/wch/toolchain/risc-v embedded gcc12/bin/../lib/gcc/riscv-wch-elf/12.2.0/../../../../riscv-wch-elf/lib/rv32imac_zba_zbb_zbc_zbs_xw/ilp32\libg_nano.a(lib_a-findfp.o)
                0x00000000201045fe                __sfp_lock_acquire
 .text.__sfp_lock_release
                0x0000000020104608        0xa d:/app/mounriver_studio/mounriver_studio2/resources/app/resources/win32/components/wch/toolchain/risc-v embedded gcc12/bin/../lib/gcc/riscv-wch-elf/12.2.0/../../../../riscv-wch-elf/lib/rv32imac_zba_zbb_zbc_zbs_xw/ilp32\libg_nano.a(lib_a-findfp.o)
                0x0000000020104608                __sfp_lock_release
 .text.__sinit_lock_acquire
                0x0000000020104612        0xa d:/app/mounriver_studio/mounriver_studio2/resources/app/resources/win32/components/wch/toolchain/risc-v embedded gcc12/bin/../lib/gcc/riscv-wch-elf/12.2.0/../../../../riscv-wch-elf/lib/rv32imac_zba_zbb_zbc_zbs_xw/ilp32\libg_nano.a(lib_a-findfp.o)
                0x0000000020104612                __sinit_lock_acquire
 .text.__sinit_lock_release
                0x000000002010461c        0xa d:/app/mounriver_studio/mounriver_studio2/resources/app/resources/win32/components/wch/toolchain/risc-v embedded gcc12/bin/../lib/gcc/riscv-wch-elf/12.2.0/../../../../riscv-wch-elf/lib/rv32imac_zba_zbb_zbc_zbs_xw/ilp32\libg_nano.a(lib_a-findfp.o)
                0x000000002010461c                __sinit_lock_release
 .text.__sinit  0x0000000020104626       0x68 d:/app/mounriver_studio/mounriver_studio2/resources/app/resources/win32/components/wch/toolchain/risc-v embedded gcc12/bin/../lib/gcc/riscv-wch-elf/12.2.0/../../../../riscv-wch-elf/lib/rv32imac_zba_zbb_zbc_zbs_xw/ilp32\libg_nano.a(lib_a-findfp.o)
                0x0000000020104626                __sinit
 .text.__sfp    0x000000002010468e       0xa8 d:/app/mounriver_studio/mounriver_studio2/resources/app/resources/win32/components/wch/toolchain/risc-v embedded gcc12/bin/../lib/gcc/riscv-wch-elf/12.2.0/../../../../riscv-wch-elf/lib/rv32imac_zba_zbb_zbc_zbs_xw/ilp32\libg_nano.a(lib_a-findfp.o)
                0x000000002010468e                __sfp
 .text._fwalk_reent
                0x0000000020104736       0x68 d:/app/mounriver_studio/mounriver_studio2/resources/app/resources/win32/components/wch/toolchain/risc-v embedded gcc12/bin/../lib/gcc/riscv-wch-elf/12.2.0/../../../../riscv-wch-elf/lib/rv32imac_zba_zbb_zbc_zbs_xw/ilp32\libg_nano.a(lib_a-fwalk.o)
                0x0000000020104736                _fwalk_reent
 .text.__retarget_lock_init_recursive
                0x000000002010479e        0x2 d:/app/mounriver_studio/mounriver_studio2/resources/app/resources/win32/components/wch/toolchain/risc-v embedded gcc12/bin/../lib/gcc/riscv-wch-elf/12.2.0/../../../../riscv-wch-elf/lib/rv32imac_zba_zbb_zbc_zbs_xw/ilp32\libg_nano.a(lib_a-lock.o)
                0x000000002010479e                __retarget_lock_init_recursive
 .text.__retarget_lock_acquire_recursive
                0x00000000201047a0        0x2 d:/app/mounriver_studio/mounriver_studio2/resources/app/resources/win32/components/wch/toolchain/risc-v embedded gcc12/bin/../lib/gcc/riscv-wch-elf/12.2.0/../../../../riscv-wch-elf/lib/rv32imac_zba_zbb_zbc_zbs_xw/ilp32\libg_nano.a(lib_a-lock.o)
                0x00000000201047a0                __retarget_lock_acquire_recursive
 .text.__retarget_lock_release_recursive
                0x00000000201047a2        0x2 d:/app/mounriver_studio/mounriver_studio2/resources/app/resources/win32/components/wch/toolchain/risc-v embedded gcc12/bin/../lib/gcc/riscv-wch-elf/12.2.0/../../../../riscv-wch-elf/lib/rv32imac_zba_zbb_zbc_zbs_xw/ilp32\libg_nano.a(lib_a-lock.o)
                0x00000000201047a2                __retarget_lock_release_recursive
 .text.__swhatbuf_r
                0x00000000201047a4       0x58 d:/app/mounriver_studio/mounriver_studio2/resources/app/resources/win32/components/wch/toolchain/risc-v embedded gcc12/bin/../lib/gcc/riscv-wch-elf/12.2.0/../../../../riscv-wch-elf/lib/rv32imac_zba_zbb_zbc_zbs_xw/ilp32\libg_nano.a(lib_a-makebuf.o)
                0x00000000201047a4                __swhatbuf_r
 .text.__smakebuf_r
                0x00000000201047fc       0x92 d:/app/mounriver_studio/mounriver_studio2/resources/app/resources/win32/components/wch/toolchain/risc-v embedded gcc12/bin/../lib/gcc/riscv-wch-elf/12.2.0/../../../../riscv-wch-elf/lib/rv32imac_zba_zbb_zbc_zbs_xw/ilp32\libg_nano.a(lib_a-makebuf.o)
                0x00000000201047fc                __smakebuf_r
 .text._free_r  0x000000002010488e       0xa2 d:/app/mounriver_studio/mounriver_studio2/resources/app/resources/win32/components/wch/toolchain/risc-v embedded gcc12/bin/../lib/gcc/riscv-wch-elf/12.2.0/../../../../riscv-wch-elf/lib/rv32imac_zba_zbb_zbc_zbs_xw/ilp32\libg_nano.a(lib_a-nano-freer.o)
                0x000000002010488e                _free_r
 .text.sbrk_aligned
                0x0000000020104930       0x58 d:/app/mounriver_studio/mounriver_studio2/resources/app/resources/win32/components/wch/toolchain/risc-v embedded gcc12/bin/../lib/gcc/riscv-wch-elf/12.2.0/../../../../riscv-wch-elf/lib/rv32imac_zba_zbb_zbc_zbs_xw/ilp32\libg_nano.a(lib_a-nano-mallocr.o)
 .text._malloc_r
                0x0000000020104988      0x106 d:/app/mounriver_studio/mounriver_studio2/resources/app/resources/win32/components/wch/toolchain/risc-v embedded gcc12/bin/../lib/gcc/riscv-wch-elf/12.2.0/../../../../riscv-wch-elf/lib/rv32imac_zba_zbb_zbc_zbs_xw/ilp32\libg_nano.a(lib_a-nano-mallocr.o)
                0x0000000020104988                _malloc_r
 .text.__sfputc_r
                0x0000000020104a8e       0x28 d:/app/mounriver_studio/mounriver_studio2/resources/app/resources/win32/components/wch/toolchain/risc-v embedded gcc12/bin/../lib/gcc/riscv-wch-elf/12.2.0/../../../../riscv-wch-elf/lib/rv32imac_zba_zbb_zbc_zbs_xw/ilp32\libg_nano.a(lib_a-nano-vfprintf.o)
 .text.__sfputs_r
                0x0000000020104ab6       0x40 d:/app/mounriver_studio/mounriver_studio2/resources/app/resources/win32/components/wch/toolchain/risc-v embedded gcc12/bin/../lib/gcc/riscv-wch-elf/12.2.0/../../../../riscv-wch-elf/lib/rv32imac_zba_zbb_zbc_zbs_xw/ilp32\libg_nano.a(lib_a-nano-vfprintf.o)
                0x0000000020104ab6                __sfputs_r
 .text._vfprintf_r
                0x0000000020104af6      0x2b8 d:/app/mounriver_studio/mounriver_studio2/resources/app/resources/win32/components/wch/toolchain/risc-v embedded gcc12/bin/../lib/gcc/riscv-wch-elf/12.2.0/../../../../riscv-wch-elf/lib/rv32imac_zba_zbb_zbc_zbs_xw/ilp32\libg_nano.a(lib_a-nano-vfprintf.o)
                0x0000000020104af6                _vfprintf_r
                0x0000000020104af6                _vfiprintf_r
 .text._sbrk_r  0x0000000020104dae       0x30 d:/app/mounriver_studio/mounriver_studio2/resources/app/resources/win32/components/wch/toolchain/risc-v embedded gcc12/bin/../lib/gcc/riscv-wch-elf/12.2.0/../../../../riscv-wch-elf/lib/rv32imac_zba_zbb_zbc_zbs_xw/ilp32\libg_nano.a(lib_a-sbrkr.o)
                0x0000000020104dae                _sbrk_r
 .text.__sread  0x0000000020104dde       0x2a d:/app/mounriver_studio/mounriver_studio2/resources/app/resources/win32/components/wch/toolchain/risc-v embedded gcc12/bin/../lib/gcc/riscv-wch-elf/12.2.0/../../../../riscv-wch-elf/lib/rv32imac_zba_zbb_zbc_zbs_xw/ilp32\libg_nano.a(lib_a-stdio.o)
                0x0000000020104dde                __sread
 .text.__swrite
                0x0000000020104e08       0x46 d:/app/mounriver_studio/mounriver_studio2/resources/app/resources/win32/components/wch/toolchain/risc-v embedded gcc12/bin/../lib/gcc/riscv-wch-elf/12.2.0/../../../../riscv-wch-elf/lib/rv32imac_zba_zbb_zbc_zbs_xw/ilp32\libg_nano.a(lib_a-stdio.o)
                0x0000000020104e08                __swrite
 .text.__sseek  0x0000000020104e4e       0x2e d:/app/mounriver_studio/mounriver_studio2/resources/app/resources/win32/components/wch/toolchain/risc-v embedded gcc12/bin/../lib/gcc/riscv-wch-elf/12.2.0/../../../../riscv-wch-elf/lib/rv32imac_zba_zbb_zbc_zbs_xw/ilp32\libg_nano.a(lib_a-stdio.o)
                0x0000000020104e4e                __sseek
 .text.__sclose
                0x0000000020104e7c        0x6 d:/app/mounriver_studio/mounriver_studio2/resources/app/resources/win32/components/wch/toolchain/risc-v embedded gcc12/bin/../lib/gcc/riscv-wch-elf/12.2.0/../../../../riscv-wch-elf/lib/rv32imac_zba_zbb_zbc_zbs_xw/ilp32\libg_nano.a(lib_a-stdio.o)
                0x0000000020104e7c                __sclose
 .text._write_r
                0x0000000020104e82       0x34 d:/app/mounriver_studio/mounriver_studio2/resources/app/resources/win32/components/wch/toolchain/risc-v embedded gcc12/bin/../lib/gcc/riscv-wch-elf/12.2.0/../../../../riscv-wch-elf/lib/rv32imac_zba_zbb_zbc_zbs_xw/ilp32\libg_nano.a(lib_a-writer.o)
                0x0000000020104e82                _write_r
 .text._close_r
                0x0000000020104eb6       0x2e d:/app/mounriver_studio/mounriver_studio2/resources/app/resources/win32/components/wch/toolchain/risc-v embedded gcc12/bin/../lib/gcc/riscv-wch-elf/12.2.0/../../../../riscv-wch-elf/lib/rv32imac_zba_zbb_zbc_zbs_xw/ilp32\libg_nano.a(lib_a-closer.o)
                0x0000000020104eb6                _close_r
 .text._fstat_r
                0x0000000020104ee4       0x30 d:/app/mounriver_studio/mounriver_studio2/resources/app/resources/win32/components/wch/toolchain/risc-v embedded gcc12/bin/../lib/gcc/riscv-wch-elf/12.2.0/../../../../riscv-wch-elf/lib/rv32imac_zba_zbb_zbc_zbs_xw/ilp32\libg_nano.a(lib_a-fstatr.o)
                0x0000000020104ee4                _fstat_r
 .text._isatty_r
                0x0000000020104f14       0x2e d:/app/mounriver_studio/mounriver_studio2/resources/app/resources/win32/components/wch/toolchain/risc-v embedded gcc12/bin/../lib/gcc/riscv-wch-elf/12.2.0/../../../../riscv-wch-elf/lib/rv32imac_zba_zbb_zbc_zbs_xw/ilp32\libg_nano.a(lib_a-isattyr.o)
                0x0000000020104f14                _isatty_r
 .text._lseek_r
                0x0000000020104f42       0x32 d:/app/mounriver_studio/mounriver_studio2/resources/app/resources/win32/components/wch/toolchain/risc-v embedded gcc12/bin/../lib/gcc/riscv-wch-elf/12.2.0/../../../../riscv-wch-elf/lib/rv32imac_zba_zbb_zbc_zbs_xw/ilp32\libg_nano.a(lib_a-lseekr.o)
                0x0000000020104f42                _lseek_r
 .text.memchr   0x0000000020104f74       0x18 d:/app/mounriver_studio/mounriver_studio2/resources/app/resources/win32/components/wch/toolchain/risc-v embedded gcc12/bin/../lib/gcc/riscv-wch-elf/12.2.0/../../../../riscv-wch-elf/lib/rv32imac_zba_zbb_zbc_zbs_xw/ilp32\libg_nano.a(lib_a-memchr.o)
                0x0000000020104f74                memchr
 .text.__malloc_lock
                0x0000000020104f8c        0xc d:/app/mounriver_studio/mounriver_studio2/resources/app/resources/win32/components/wch/toolchain/risc-v embedded gcc12/bin/../lib/gcc/riscv-wch-elf/12.2.0/../../../../riscv-wch-elf/lib/rv32imac_zba_zbb_zbc_zbs_xw/ilp32\libg_nano.a(lib_a-mlock.o)
                0x0000000020104f8c                __malloc_lock
 .text.__malloc_unlock
                0x0000000020104f98        0xc d:/app/mounriver_studio/mounriver_studio2/resources/app/resources/win32/components/wch/toolchain/risc-v embedded gcc12/bin/../lib/gcc/riscv-wch-elf/12.2.0/../../../../riscv-wch-elf/lib/rv32imac_zba_zbb_zbc_zbs_xw/ilp32\libg_nano.a(lib_a-mlock.o)
                0x0000000020104f98                __malloc_unlock
 .text._printf_common
                0x0000000020104fa4      0x10a d:/app/mounriver_studio/mounriver_studio2/resources/app/resources/win32/components/wch/toolchain/risc-v embedded gcc12/bin/../lib/gcc/riscv-wch-elf/12.2.0/../../../../riscv-wch-elf/lib/rv32imac_zba_zbb_zbc_zbs_xw/ilp32\libg_nano.a(lib_a-nano-vfprintf_i.o)
                0x0000000020104fa4                _printf_common
 .text._printf_i
                0x00000000201050ae      0x27c d:/app/mounriver_studio/mounriver_studio2/resources/app/resources/win32/components/wch/toolchain/risc-v embedded gcc12/bin/../lib/gcc/riscv-wch-elf/12.2.0/../../../../riscv-wch-elf/lib/rv32imac_zba_zbb_zbc_zbs_xw/ilp32\libg_nano.a(lib_a-nano-vfprintf_i.o)
                0x00000000201050ae                _printf_i
 .text._read_r  0x000000002010532a       0x32 d:/app/mounriver_studio/mounriver_studio2/resources/app/resources/win32/components/wch/toolchain/risc-v embedded gcc12/bin/../lib/gcc/riscv-wch-elf/12.2.0/../../../../riscv-wch-elf/lib/rv32imac_zba_zbb_zbc_zbs_xw/ilp32\libg_nano.a(lib_a-readr.o)
                0x000000002010532a                _read_r
 .text._close   0x000000002010535c       0x10 d:/app/mounriver_studio/mounriver_studio2/resources/app/resources/win32/components/wch/toolchain/risc-v embedded gcc12/bin/../lib/gcc/riscv-wch-elf/12.2.0/../../../../riscv-wch-elf/lib/rv32imac_zba_zbb_zbc_zbs_xw/ilp32\libnosys.a(close.o)
                0x000000002010535c                _close
 .text._fstat   0x000000002010536c       0x10 d:/app/mounriver_studio/mounriver_studio2/resources/app/resources/win32/components/wch/toolchain/risc-v embedded gcc12/bin/../lib/gcc/riscv-wch-elf/12.2.0/../../../../riscv-wch-elf/lib/rv32imac_zba_zbb_zbc_zbs_xw/ilp32\libnosys.a(fstat.o)
                0x000000002010536c                _fstat
 .text._isatty  0x000000002010537c       0x10 d:/app/mounriver_studio/mounriver_studio2/resources/app/resources/win32/components/wch/toolchain/risc-v embedded gcc12/bin/../lib/gcc/riscv-wch-elf/12.2.0/../../../../riscv-wch-elf/lib/rv32imac_zba_zbb_zbc_zbs_xw/ilp32\libnosys.a(isatty.o)
                0x000000002010537c                _isatty
 .text._lseek   0x000000002010538c       0x10 d:/app/mounriver_studio/mounriver_studio2/resources/app/resources/win32/components/wch/toolchain/risc-v embedded gcc12/bin/../lib/gcc/riscv-wch-elf/12.2.0/../../../../riscv-wch-elf/lib/rv32imac_zba_zbb_zbc_zbs_xw/ilp32\libnosys.a(lseek.o)
                0x000000002010538c                _lseek
 .text._read    0x000000002010539c       0x10 d:/app/mounriver_studio/mounriver_studio2/resources/app/resources/win32/components/wch/toolchain/risc-v embedded gcc12/bin/../lib/gcc/riscv-wch-elf/12.2.0/../../../../riscv-wch-elf/lib/rv32imac_zba_zbb_zbc_zbs_xw/ilp32\libnosys.a(read.o)
                0x000000002010539c                _read
 *(.rodata)
 *(.rodata*)
 .rodata.main.str1.4
                0x00000000201053ac       0x21 ./User/main.o
 *fill*         0x00000000201053cd        0x3 
 .rodata.ov2640_YUVframe_resolution_USB20
                0x00000000201053d0       0x14 ./Common/UVC/uvc.o
                0x00000000201053d0                ov2640_YUVframe_resolution_USB20
 .rodata.ov2640_YUVframe_resolution_USB30
                0x00000000201053e4       0x14 ./Common/UVC/uvc.o
                0x00000000201053e4                ov2640_YUVframe_resolution_USB30
 .rodata.ov2640_JPEGframe_resolution_USB20
                0x00000000201053f8       0x14 ./Common/UVC/uvc.o
                0x00000000201053f8                ov2640_JPEGframe_resolution_USB20
 .rodata.ov2640_JPEGframe_resolution_USB30
                0x000000002010540c       0x14 ./Common/UVC/uvc.o
                0x000000002010540c                ov2640_JPEGframe_resolution_USB30
 .rodata.USBHS_UVC_NonStandardReq
                0x0000000020105420       0x38 ./Common/UVC/uvcclassdes.o
 .rodata.USBSS_UVC_NonStandardReq
                0x0000000020105458       0x38 ./Common/UVC/uvcclassdes.o
 .rodata.OV2640_Init.str1.4
                0x0000000020105490       0x15 ./Common/DVP/ov2640.o
 *fill*         0x00000000201054a5        0x3 
 .rodata.ov2640_jpeg_reg_tbl
                0x00000000201054a8       0x10 ./Common/DVP/ov2640.o
                0x00000000201054a8                ov2640_jpeg_reg_tbl
 .rodata.ov2640_uxga_init_reg_tbl
                0x00000000201054b8      0x164 ./Common/DVP/ov2640.o
                0x00000000201054b8                ov2640_uxga_init_reg_tbl
 .rodata.yuv_uxga
                0x000000002010561c      0x148 ./Common/DVP/ov2640.o
                0x000000002010561c                yuv_uxga
 .rodata.USBHS_IRQHandler
                0x0000000020105764       0x4c ./Common/ch32h417_usbhs_device.o
 .rodata.USBSS_IRQHandler
                0x00000000201057b0       0x6c ./Common/ch32h417_usbss_it.o
 .rodata.Hardware.str1.4
                0x000000002010581c       0x12 ./Common/hardware.o
 *fill*         0x000000002010582e        0x2 
 .rodata.MyBOSDesc_SS
                0x0000000020105830       0x16 ./Common/usb_desc.o
                0x0000000020105830                MyBOSDesc_SS
 *fill*         0x0000000020105846        0x2 
 .rodata.OSStringDescriptor
                0x0000000020105848       0x12 ./Common/usb_desc.o
                0x0000000020105848                OSStringDescriptor
 *fill*         0x000000002010585a        0x2 
 .rodata.MySerNumInfo
                0x000000002010585c       0x16 ./Common/usb_desc.o
                0x000000002010585c                MySerNumInfo
 *fill*         0x0000000020105872        0x2 
 .rodata.MyProdInfo
                0x0000000020105874       0x20 ./Common/usb_desc.o
                0x0000000020105874                MyProdInfo
 .rodata.MyManuInfo
                0x0000000020105894       0x26 ./Common/usb_desc.o
                0x0000000020105894                MyManuInfo
 *fill*         0x00000000201058ba        0x2 
 .rodata.SS_ConfigDescriptor
                0x00000000201058bc      0x1f2 ./Common/usb_desc.o
                0x00000000201058bc                SS_ConfigDescriptor
 *fill*         0x0000000020105aae        0x2 
 .rodata.SS_DeviceDescriptor
                0x0000000020105ab0       0x12 ./Common/usb_desc.o
                0x0000000020105ab0                SS_DeviceDescriptor
 *fill*         0x0000000020105ac2        0x2 
 .rodata.MyQuaDesc
                0x0000000020105ac4        0xa ./Common/usb_desc.o
                0x0000000020105ac4                MyQuaDesc
 *fill*         0x0000000020105ace        0x2 
 .rodata.MyCfgDescr_FS
                0x0000000020105ad0       0x3c ./Common/usb_desc.o
                0x0000000020105ad0                MyCfgDescr_FS
 .rodata.MyCfgDescr_HS
                0x0000000020105b0c      0x1ec ./Common/usb_desc.o
                0x0000000020105b0c                MyCfgDescr_HS
 .rodata.MyDevDescr
                0x0000000020105cf8       0x12 ./Common/usb_desc.o
                0x0000000020105cf8                MyDevDescr
 *fill*         0x0000000020105d0a        0x2 
 .rodata.__clz_tab
                0x0000000020105d0c      0x100 d:/app/mounriver_studio/mounriver_studio2/resources/app/resources/win32/components/wch/toolchain/risc-v embedded gcc12/bin/../lib/gcc/riscv-wch-elf/12.2.0/rv32imac_zba_zbb_zbc_zbs_xw/ilp32\libgcc.a(_clz.o)
                0x0000000020105d0c                __clz_tab
 .rodata.__sf_fake_stderr
                0x0000000020105e0c       0x20 d:/app/mounriver_studio/mounriver_studio2/resources/app/resources/win32/components/wch/toolchain/risc-v embedded gcc12/bin/../lib/gcc/riscv-wch-elf/12.2.0/../../../../riscv-wch-elf/lib/rv32imac_zba_zbb_zbc_zbs_xw/ilp32\libg_nano.a(lib_a-findfp.o)
                0x0000000020105e0c                __sf_fake_stderr
 .rodata.__sf_fake_stdout
                0x0000000020105e2c       0x20 d:/app/mounriver_studio/mounriver_studio2/resources/app/resources/win32/components/wch/toolchain/risc-v embedded gcc12/bin/../lib/gcc/riscv-wch-elf/12.2.0/../../../../riscv-wch-elf/lib/rv32imac_zba_zbb_zbc_zbs_xw/ilp32\libg_nano.a(lib_a-findfp.o)
                0x0000000020105e2c                __sf_fake_stdout
 .rodata.__sf_fake_stdin
                0x0000000020105e4c       0x20 d:/app/mounriver_studio/mounriver_studio2/resources/app/resources/win32/components/wch/toolchain/risc-v embedded gcc12/bin/../lib/gcc/riscv-wch-elf/12.2.0/../../../../riscv-wch-elf/lib/rv32imac_zba_zbb_zbc_zbs_xw/ilp32\libg_nano.a(lib_a-findfp.o)
                0x0000000020105e4c                __sf_fake_stdin
 .rodata._vfprintf_r.str1.4
                0x0000000020105e6c       0x13 d:/app/mounriver_studio/mounriver_studio2/resources/app/resources/win32/components/wch/toolchain/risc-v embedded gcc12/bin/../lib/gcc/riscv-wch-elf/12.2.0/../../../../riscv-wch-elf/lib/rv32imac_zba_zbb_zbc_zbs_xw/ilp32\libg_nano.a(lib_a-nano-vfprintf.o)
 *fill*         0x0000000020105e7f        0x1 
 .rodata._printf_i.str1.4
                0x0000000020105e80       0x25 d:/app/mounriver_studio/mounriver_studio2/resources/app/resources/win32/components/wch/toolchain/risc-v embedded gcc12/bin/../lib/gcc/riscv-wch-elf/12.2.0/../../../../riscv-wch-elf/lib/rv32imac_zba_zbb_zbc_zbs_xw/ilp32\libg_nano.a(lib_a-nano-vfprintf_i.o)
 *fill*         0x0000000020105ea5        0x3 
 .rodata._printf_i
                0x0000000020105ea8       0x58 d:/app/mounriver_studio/mounriver_studio2/resources/app/resources/win32/components/wch/toolchain/risc-v embedded gcc12/bin/../lib/gcc/riscv-wch-elf/12.2.0/../../../../riscv-wch-elf/lib/rv32imac_zba_zbb_zbc_zbs_xw/ilp32\libg_nano.a(lib_a-nano-vfprintf_i.o)
 *(.sdata2.*)
 *(.glue_7)
 *(.glue_7t)
 *(.gnu.linkonce.t.*)
                0x0000000020105f00                . = ALIGN (0x4)
                0x0000000020105f00                PROVIDE (_highcode_vma_end = .)

.text           0x0000000000005ff4       0x84
                0x0000000000005ff4                . = ALIGN (0x4)
 *(SORT_NONE(.handle_reset))
 .handle_reset  0x0000000000005ff4       0x82 ./Startup/startup_ch32h417_v3f.o
                0x0000000000005ff4                handle_reset
                0x0000000000006078                . = ALIGN (0x4)
 *fill*         0x0000000000006076        0x2 

.rela.dyn       0x0000000000006078        0x0
 .rela.init     0x0000000000006078        0x0 ./User/ch32h417_it.o
 .rela.vector   0x0000000000006078        0x0 ./User/ch32h417_it.o
 .rela.load     0x0000000000006078        0x0 ./User/ch32h417_it.o
 .rela.handle_reset
                0x0000000000006078        0x0 ./User/ch32h417_it.o
 .rela.text._sbrk
                0x0000000000006078        0x0 ./User/ch32h417_it.o
 .rela.sdata.curbrk.0
                0x0000000000006078        0x0 ./User/ch32h417_it.o
 .rela.text._vfprintf_r
                0x0000000000006078        0x0 ./User/ch32h417_it.o

.highcodelalign1
                0x0000000000006078        0x0
                0x0000000000006078                . = ALIGN (0x4)
                0x0000000000006078                PROVIDE (_highcode_lma1 = .)

.fini           0x0000000020105f00        0x0 load address 0x0000000000006078
                0x0000000020105f00                . = ALIGN (0x4)
                0x0000000020105f00                PROVIDE (_highcode_vma_start1 = .)
 *(SORT_NONE(.fini))
                0x0000000020105f00                . = ALIGN (0x4)
                [!provide]                        PROVIDE (_etext = .)
                [!provide]                        PROVIDE (_eitcm = .)

.preinit_array  0x0000000020105f00        0x0 load address 0x0000000000006078
                [!provide]                        PROVIDE (__preinit_array_start = .)
 *(.preinit_array)
                [!provide]                        PROVIDE (__preinit_array_end = .)

.init_array     0x0000000020105f00        0x0 load address 0x0000000000006078
                [!provide]                        PROVIDE (__init_array_start = .)
 *(SORT_BY_INIT_PRIORITY(.init_array.*) SORT_BY_INIT_PRIORITY(.ctors.*))
 *(.init_array EXCLUDE_FILE(*crtend?.o *crtend.o *crtbegin?.o *crtbegin.o) .ctors)
                [!provide]                        PROVIDE (__init_array_end = .)

.fini_array     0x0000000020105f00        0x0 load address 0x0000000000006078
                [!provide]                        PROVIDE (__fini_array_start = .)
 *(SORT_BY_INIT_PRIORITY(.fini_array.*) SORT_BY_INIT_PRIORITY(.dtors.*))
 *(.fini_array EXCLUDE_FILE(*crtend?.o *crtend.o *crtbegin?.o *crtbegin.o) .dtors)
                [!provide]                        PROVIDE (__fini_array_end = .)

.ctors
 *crtbegin.o(.ctors)
 *crtbegin?.o(.ctors)
 *(EXCLUDE_FILE(*crtend?.o *crtend.o) .ctors)
 *(SORT_BY_NAME(.ctors.*))
 *(.ctors)

.dtors          0x0000000020105f00        0x0 load address 0x0000000000006078
 *crtbegin.o(.dtors)
 *crtbegin?.o(.dtors)
 *(EXCLUDE_FILE(*crtend?.o *crtend.o) .dtors)
 *(SORT_BY_NAME(.dtors.*))
 *(.dtors)
                0x0000000020105f00                . = ALIGN (0x4)
                0x0000000020105f00                PROVIDE (_highcode_vma_end1 = .)

.dalign         0x0000000020130100        0x0 load address 0x0000000000006078
                0x0000000020130100                . = ALIGN (0x4)
                0x0000000020130100                PROVIDE (_data_vma = .)

.dlalign        0x0000000000006078        0x0
                0x0000000000006078                . = ALIGN (0x4)
                0x0000000000006078                PROVIDE (_data_lma = .)

.data           0x0000000020130100     0x17c8 load address 0x0000000000006078
                0x0000000020130100                . = ALIGN (0x4)
 *(.gnu.linkonce.r.*)
 *(.data .data.*)
 .data.SERDESPLLMULTB
                0x0000000020130100       0x10 ./User/system_ch32h417.o
 .data.HBPrescTB
                0x0000000020130110       0x10 ./User/system_ch32h417.o
 .data.PLLMULTB
                0x0000000020130120       0x20 ./User/system_ch32h417.o
 .data.SERDESPLLMULTable
                0x0000000020130140       0x10 ./Peripheral/src/ch32h417_rcc.o
 .data.HBPrescTable
                0x0000000020130150       0x10 ./Peripheral/src/ch32h417_rcc.o
 .data.PLLMULTable
                0x0000000020130160       0x20 ./Peripheral/src/ch32h417_rcc.o
 .data.Get_Curr
                0x0000000020130180       0x1a ./Common/UVC/uvc.o
                0x0000000020130180                Get_Curr
 *fill*         0x000000002013019a        0x2 
 .data.ExtensionID2
                0x000000002013019c      0x627 ./Common/UVC/uvcclassdes.o
                0x000000002013019c                ExtensionID2
 *fill*         0x00000000201307c3        0x1 
 .data.ExtensionID1
                0x00000000201307c4      0x2f4 ./Common/UVC/uvcclassdes.o
                0x00000000201307c4                ExtensionID1
 .data.ProcessID
                0x0000000020130ab8      0x4ec ./Common/UVC/uvcclassdes.o
                0x0000000020130ab8                ProcessID
 .data.CameraID
                0x0000000020130fa4      0x52b ./Common/UVC/uvcclassdes.o
                0x0000000020130fa4                CameraID
 *fill*         0x00000000201314cf        0x1 
 .data.VAICSID  0x00000000201314d0       0xfc ./Common/UVC/uvcclassdes.o
                0x00000000201314d0                VAICSID
 .data.IFTest_Buf
                0x00000000201315cc       0x35 ./Common/ch32h417_usbhs_device.o
                0x00000000201315cc                IFTest_Buf
 *fill*         0x0000000020131601        0x3 
 .data.TAB_USB_HS_OSC_DESC
                0x0000000020131604       0x3c ./Common/usb_desc.o
                0x0000000020131604                TAB_USB_HS_OSC_DESC
 .data.TAB_USB_FS_OSC_DESC
                0x0000000020131640      0x1ec ./Common/usb_desc.o
                0x0000000020131640                TAB_USB_FS_OSC_DESC
 .data.impure_data
                0x000000002013182c       0x60 d:/app/mounriver_studio/mounriver_studio2/resources/app/resources/win32/components/wch/toolchain/risc-v embedded gcc12/bin/../lib/gcc/riscv-wch-elf/12.2.0/../../../../riscv-wch-elf/lib/rv32imac_zba_zbb_zbc_zbs_xw/ilp32\libg_nano.a(lib_a-impure.o)
 *(.gnu.linkonce.d.*)
                0x0000000020131890                . = ALIGN (0x8)
 *fill*         0x000000002013188c        0x4 
                0x0000000020132090                PROVIDE (__global_pointer$ = (. + 0x800))
 *(.sdata .sdata.*)
 .sdata.FPRETB  0x0000000020131890        0x4 ./User/system_ch32h417.o
 .sdata.SystemCoreClock
                0x0000000020131894        0x4 ./User/system_ch32h417.o
                0x0000000020131894                SystemCoreClock
 .sdata.SystemClock
                0x0000000020131898        0x4 ./User/system_ch32h417.o
                0x0000000020131898                SystemClock
 .sdata.ADCPRETable
                0x000000002013189c        0x4 ./Peripheral/src/ch32h417_rcc.o
 .sdata.PPRE2Table
                0x00000000201318a0        0x8 ./Peripheral/src/ch32h417_rcc.o
 .sdata.FPRETable
                0x00000000201318a8        0x4 ./Peripheral/src/ch32h417_rcc.o
 .sdata.curbrk.0
                0x00000000201318ac        0x4 ./Debug/debug.o
 .sdata.Formatchange_flag
                0x00000000201318b0        0x1 ./Common/UVC/uvc.o
                0x00000000201318b0                Formatchange_flag
 *fill*         0x00000000201318b1        0x3 
 .sdata.USBUploadaddr
                0x00000000201318b4        0x4 ./Common/UVC/uvc.o
 .sdata.Dvp_Recaddr
                0x00000000201318b8        0x4 ./Common/UVC/uvc.o
                0x00000000201318b8                Dvp_Recaddr
 .sdata._impure_ptr
                0x00000000201318bc        0x4 d:/app/mounriver_studio/mounriver_studio2/resources/app/resources/win32/components/wch/toolchain/risc-v embedded gcc12/bin/../lib/gcc/riscv-wch-elf/12.2.0/../../../../riscv-wch-elf/lib/rv32imac_zba_zbb_zbc_zbs_xw/ilp32\libg_nano.a(lib_a-impure.o)
                0x00000000201318bc                _impure_ptr
 *(.sdata2.*)
 *(.gnu.linkonce.s.*)
                0x00000000201318c0                . = ALIGN (0x8)
 *(.srodata.cst16)
 *(.srodata.cst8)
 *(.srodata.cst4)
 *(.srodata.cst2)
 *(.srodata .srodata.*)
 .srodata.MyLangDescr
                0x00000000201318c0        0x4 ./Common/usb_desc.o
                0x00000000201318c0                MyLangDescr
 .srodata._global_impure_ptr
                0x00000000201318c4        0x4 d:/app/mounriver_studio/mounriver_studio2/resources/app/resources/win32/components/wch/toolchain/risc-v embedded gcc12/bin/../lib/gcc/riscv-wch-elf/12.2.0/../../../../riscv-wch-elf/lib/rv32imac_zba_zbb_zbc_zbs_xw/ilp32\libg_nano.a(lib_a-impure.o)
                0x00000000201318c4                _global_impure_ptr
                0x00000000201318c8                . = ALIGN (0x4)
                0x00000000201318c8                PROVIDE (_edata = .)

.DMADATA        0x00000000201318e0    0x14000 load address 0x0000000000007840
 .DMADATA       0x00000000201318e0    0x14000 ./Common/DVP/dvp.o
                0x00000000201318e0                UVC_DMABuffer

.bss            0x00000000201458e0    0x124fc load address 0x000000000001b840
                0x00000000201458e0                . = ALIGN (0x4)
                0x00000000201458e0                PROVIDE (_sbss = .)
 *(.sbss*)
 .sbss.HCLKClock
                0x00000000201458e0        0x4 ./User/system_ch32h417.o
                0x00000000201458e0                HCLKClock
 .sbss.p_ms     0x00000000201458e4        0x4 ./Debug/debug.o
 .sbss.p_us     0x00000000201458e8        0x2 ./Debug/debug.o
 .sbss.togGG.0  0x00000000201458ea        0x1 ./Common/UVC/uvc.o
 *fill*         0x00000000201458eb        0x1 
 .sbss.Resolution_height
                0x00000000201458ec        0x2 ./Common/UVC/uvc.o
                0x00000000201458ec                Resolution_height
 .sbss.Resolution_width
                0x00000000201458ee        0x2 ./Common/UVC/uvc.o
                0x00000000201458ee                Resolution_width
 .sbss.USB_Uploadpoint
                0x00000000201458f0        0x4 ./Common/UVC/uvc.o
 .sbss.USB_Uploadcount
                0x00000000201458f4        0x4 ./Common/UVC/uvc.o
 .sbss.USB_LastMframeUploadLength
                0x00000000201458f8        0x4 ./Common/UVC/uvc.o
 .sbss.USB_MframeUploadLength
                0x00000000201458fc        0x4 ./Common/UVC/uvc.o
 .sbss.USB_Uploadflg
                0x0000000020145900        0x1 ./Common/UVC/uvc.o
 *fill*         0x0000000020145901        0x1 
 .sbss.Dvp_DataSize
                0x0000000020145902        0x2 ./Common/UVC/uvc.o
                0x0000000020145902                Dvp_DataSize
 .sbss.DVP_Recaddpoint
                0x0000000020145904        0x4 ./Common/UVC/uvc.o
 .sbss.Dvp_Reclength
                0x0000000020145908        0x4 ./Common/UVC/uvc.o
 .sbss.UVC_DvpStart
                0x000000002014590c        0x4 ./Common/UVC/uvc.o
 .sbss.Dvp_End  0x0000000020145910        0x4 ./Common/UVC/uvc.o
 .sbss.Dvp_Start
                0x0000000020145914        0x4 ./Common/UVC/uvc.o
 .sbss.Dvp_Addrcount
                0x0000000020145918        0x4 ./Common/UVC/uvc.o
 .sbss.Dvp_Class
                0x000000002014591c        0x4 ./Common/UVC/uvc.o
 .sbss.frame.0  0x0000000020145920        0x1 ./Common/ch32h417_usbhs_device.o
 .sbss.format.1
                0x0000000020145921        0x1 ./Common/ch32h417_usbhs_device.o
 .sbss.USBHS_DevEnumStatus
                0x0000000020145922        0x1 ./Common/ch32h417_usbhs_device.o
                0x0000000020145922                USBHS_DevEnumStatus
 .sbss.USBHS_DevSleepStatus
                0x0000000020145923        0x1 ./Common/ch32h417_usbhs_device.o
                0x0000000020145923                USBHS_DevSleepStatus
 .sbss.USBHS_DevSpeed
                0x0000000020145924        0x1 ./Common/ch32h417_usbhs_device.o
                0x0000000020145924                USBHS_DevSpeed
 *fill*         0x0000000020145925        0x1 
 .sbss.USBHS_DevMaxPackLen
                0x0000000020145926        0x2 ./Common/ch32h417_usbhs_device.o
                0x0000000020145926                USBHS_DevMaxPackLen
 .sbss.USBHS_DevAddr
                0x0000000020145928        0x1 ./Common/ch32h417_usbhs_device.o
                0x0000000020145928                USBHS_DevAddr
 .sbss.USBHS_DevConfig
                0x0000000020145929        0x1 ./Common/ch32h417_usbhs_device.o
                0x0000000020145929                USBHS_DevConfig
 .sbss.USBHS_SetupReqLen
                0x000000002014592a        0x2 ./Common/ch32h417_usbhs_device.o
                0x000000002014592a                USBHS_SetupReqLen
 .sbss.USBHS_SetupReqIndex
                0x000000002014592c        0x2 ./Common/ch32h417_usbhs_device.o
                0x000000002014592c                USBHS_SetupReqIndex
 .sbss.USBHS_SetupReqValue
                0x000000002014592e        0x2 ./Common/ch32h417_usbhs_device.o
                0x000000002014592e                USBHS_SetupReqValue
 .sbss.USBHS_SetupReqType
                0x0000000020145930        0x1 ./Common/ch32h417_usbhs_device.o
                0x0000000020145930                USBHS_SetupReqType
 .sbss.USBHS_SetupReqCode
                0x0000000020145931        0x1 ./Common/ch32h417_usbhs_device.o
                0x0000000020145931                USBHS_SetupReqCode
 *fill*         0x0000000020145932        0x2 
 .sbss.pUSBHS_Descr
                0x0000000020145934        0x4 ./Common/ch32h417_usbhs_device.o
                0x0000000020145934                pUSBHS_Descr
 .sbss.USBHS_Test_Flag
                0x0000000020145938        0x1 ./Common/ch32h417_usbhs_device.o
                0x0000000020145938                USBHS_Test_Flag
 .sbss.link_low_power.0
                0x0000000020145939        0x1 ./Common/ch32h417_usbss_device.o
 .sbss.u3_first_count.1
                0x000000002014593a        0x1 ./Common/ch32h417_usbss_device.o
 *fill*         0x000000002014593b        0x1 
 .sbss.Chip     0x000000002014593c        0x4 ./Common/ch32h417_usbss_device.o
                0x000000002014593c                Chip
 .sbss.USB_Enum_Status
                0x0000000020145940        0x1 ./Common/ch32h417_usbss_device.o
                0x0000000020145940                USB_Enum_Status
 .sbss.frame.0  0x0000000020145941        0x1 ./Common/ch32h417_usbss_it.o
 .sbss.format.1
                0x0000000020145942        0x1 ./Common/ch32h417_usbss_it.o
 .sbss.USBSS_DevEnumStatus
                0x0000000020145943        0x1 ./Common/ch32h417_usbss_it.o
                0x0000000020145943                USBSS_DevEnumStatus
 .sbss.USBSS_DevSleepStatus
                0x0000000020145944        0x1 ./Common/ch32h417_usbss_it.o
                0x0000000020145944                USBSS_DevSleepStatus
 .sbss.USBSS_DevConfig
                0x0000000020145945        0x1 ./Common/ch32h417_usbss_it.o
                0x0000000020145945                USBSS_DevConfig
 .sbss.USBSS_SetupReqLen
                0x0000000020145946        0x2 ./Common/ch32h417_usbss_it.o
                0x0000000020145946                USBSS_SetupReqLen
 .sbss.USBSS_SetupReqIndex
                0x0000000020145948        0x2 ./Common/ch32h417_usbss_it.o
                0x0000000020145948                USBSS_SetupReqIndex
 .sbss.USBSS_SetupReqValue
                0x000000002014594a        0x2 ./Common/ch32h417_usbss_it.o
                0x000000002014594a                USBSS_SetupReqValue
 .sbss.USBSS_SetupReqCode
                0x000000002014594c        0x1 ./Common/ch32h417_usbss_it.o
                0x000000002014594c                USBSS_SetupReqCode
 .sbss.USBSS_SetupReqType
                0x000000002014594d        0x1 ./Common/ch32h417_usbss_it.o
                0x000000002014594d                USBSS_SetupReqType
 *fill*         0x000000002014594e        0x2 
 .sbss.pUSBSS_Descr
                0x0000000020145950        0x4 ./Common/ch32h417_usbss_it.o
                0x0000000020145950                pUSBSS_Descr
 .sbss.__lock___malloc_recursive_mutex
                0x0000000020145954        0x1 d:/app/mounriver_studio/mounriver_studio2/resources/app/resources/win32/components/wch/toolchain/risc-v embedded gcc12/bin/../lib/gcc/riscv-wch-elf/12.2.0/../../../../riscv-wch-elf/lib/rv32imac_zba_zbb_zbc_zbs_xw/ilp32\libg_nano.a(lib_a-lock.o)
                0x0000000020145954                __lock___malloc_recursive_mutex
 *fill*         0x0000000020145955        0x3 
 .sbss.__lock___sfp_recursive_mutex
                0x0000000020145958        0x1 d:/app/mounriver_studio/mounriver_studio2/resources/app/resources/win32/components/wch/toolchain/risc-v embedded gcc12/bin/../lib/gcc/riscv-wch-elf/12.2.0/../../../../riscv-wch-elf/lib/rv32imac_zba_zbb_zbc_zbs_xw/ilp32\libg_nano.a(lib_a-lock.o)
                0x0000000020145958                __lock___sfp_recursive_mutex
 *fill*         0x0000000020145959        0x3 
 .sbss.__lock___sinit_recursive_mutex
                0x000000002014595c        0x1 d:/app/mounriver_studio/mounriver_studio2/resources/app/resources/win32/components/wch/toolchain/risc-v embedded gcc12/bin/../lib/gcc/riscv-wch-elf/12.2.0/../../../../riscv-wch-elf/lib/rv32imac_zba_zbb_zbc_zbs_xw/ilp32\libg_nano.a(lib_a-lock.o)
                0x000000002014595c                __lock___sinit_recursive_mutex
 *fill*         0x000000002014595d        0x3 
 .sbss.__malloc_sbrk_start
                0x0000000020145960        0x4 d:/app/mounriver_studio/mounriver_studio2/resources/app/resources/win32/components/wch/toolchain/risc-v embedded gcc12/bin/../lib/gcc/riscv-wch-elf/12.2.0/../../../../riscv-wch-elf/lib/rv32imac_zba_zbb_zbc_zbs_xw/ilp32\libg_nano.a(lib_a-nano-mallocr.o)
                0x0000000020145960                __malloc_sbrk_start
 .sbss.__malloc_free_list
                0x0000000020145964        0x4 d:/app/mounriver_studio/mounriver_studio2/resources/app/resources/win32/components/wch/toolchain/risc-v embedded gcc12/bin/../lib/gcc/riscv-wch-elf/12.2.0/../../../../riscv-wch-elf/lib/rv32imac_zba_zbb_zbc_zbs_xw/ilp32\libg_nano.a(lib_a-nano-mallocr.o)
                0x0000000020145964                __malloc_free_list
 .sbss.errno    0x0000000020145968        0x4 d:/app/mounriver_studio/mounriver_studio2/resources/app/resources/win32/components/wch/toolchain/risc-v embedded gcc12/bin/../lib/gcc/riscv-wch-elf/12.2.0/../../../../riscv-wch-elf/lib/rv32imac_zba_zbb_zbc_zbs_xw/ilp32\libg_nano.a(lib_a-reent.o)
                0x0000000020145968                errno
 *(.gnu.linkonce.sb.*)
 *(.bss*)
 .bss.UVC       0x000000002014596c       0x14 ./Common/UVC/uvc.o
                0x000000002014596c                UVC
 .bss.Data_Buffer
                0x0000000020145980     0x2000 ./Common/ch32h417_usbhs_device.o
                0x0000000020145980                Data_Buffer
 .bss.USBHS_EP1_Tx_Buf
                0x0000000020147980      0x200 ./Common/ch32h417_usbhs_device.o
                0x0000000020147980                USBHS_EP1_Tx_Buf
 .bss.USBHS_EP0_Buf
                0x0000000020147b80       0x40 ./Common/ch32h417_usbhs_device.o
                0x0000000020147b80                USBHS_EP0_Buf
 .bss.USBSS_Dev_Info
                0x0000000020147bc0       0x1c ./Common/ch32h417_usbss_device.o
                0x0000000020147bc0                USBSS_Dev_Info
 .bss.USBSS_EP1_Rx_Buf
                0x0000000020147bdc     0x8000 ./Common/ch32h417_usbss_it.o
                0x0000000020147bdc                USBSS_EP1_Rx_Buf
 .bss.USBSS_EP1_Tx_Buf
                0x000000002014fbdc     0x8000 ./Common/ch32h417_usbss_it.o
                0x000000002014fbdc                USBSS_EP1_Tx_Buf
 .bss.USBSS_EP0_Buf
                0x0000000020157bdc      0x200 ./Common/ch32h417_usbss_it.o
                0x0000000020157bdc                USBSS_EP0_Buf
 *(.gnu.linkonce.b.*)
 *(COMMON*)
                0x0000000020157ddc                . = ALIGN (0x4)
                0x0000000020157ddc                PROVIDE (_ebss = .)
                0x0000000020157ddc                PROVIDE (_end = _ebss)
                [!provide]                        PROVIDE (end = .)

.stack          0x0000000020157ddc     0x1000 load address 0x000000000001b840
                0x0000000020157ddc                PROVIDE (_heap_end = .)
                0x0000000020157ddc                . = ALIGN (0x4)
                [!provide]                        PROVIDE (_susrstack = .)
                0x0000000020158ddc                . = (. + __stack_size)
 *fill*         0x0000000020157ddc     0x1000 
                0x0000000020158ddc                PROVIDE (_eusrstack = .)
OUTPUT(CH32H417_TFLM_V3F.elf elf32-littleriscv)

.debug_info     0x0000000000000000    0x100ed
 .debug_info    0x0000000000000000      0x3dc ./User/ch32h417_it.o
 .debug_info    0x00000000000003dc      0x47c ./User/main.o
 .debug_info    0x0000000000000858      0x744 ./User/system_ch32h417.o
 .debug_info    0x0000000000000f9c       0x23 ./Startup/startup_ch32h417_v3f.o
 .debug_info    0x0000000000000fbf      0xc5c ./Peripheral/src/ch32h417_flash.o
 .debug_info    0x0000000000001c1b      0xb63 ./Peripheral/src/ch32h417_gpio.o
 .debug_info    0x000000000000277e     0x165a ./Peripheral/src/ch32h417_rcc.o
 .debug_info    0x0000000000003dd8      0x550 ./Peripheral/src/ch32h417_swpmi.o
 .debug_info    0x0000000000004328     0x26b1 ./Peripheral/src/ch32h417_tim.o
 .debug_info    0x00000000000069d9      0xb26 ./Peripheral/src/ch32h417_usart.o
 .debug_info    0x00000000000074ff      0x73c ./Debug/debug.o
 .debug_info    0x0000000000007c3b     0x1813 ./Common/UVC/uvc.o
 .debug_info    0x000000000000944e      0x30e ./Common/UVC/uvcclassdes.o
 .debug_info    0x000000000000975c      0x761 ./Common/DVP/dvp.o
 .debug_info    0x0000000000009ebd     0x147d ./Common/DVP/ov2640.o
 .debug_info    0x000000000000b33a     0x1638 ./Common/ch32h417_usbhs_device.o
 .debug_info    0x000000000000c972     0x214a ./Common/ch32h417_usbss_device.o
 .debug_info    0x000000000000eabc     0x104b ./Common/ch32h417_usbss_it.o
 .debug_info    0x000000000000fb07      0x207 ./Common/hardware.o
 .debug_info    0x000000000000fd0e      0x3df ./Common/usb_desc.o

.debug_abbrev   0x0000000000000000     0x2edc
 .debug_abbrev  0x0000000000000000      0x10f ./User/ch32h417_it.o
 .debug_abbrev  0x000000000000010f      0x171 ./User/main.o
 .debug_abbrev  0x0000000000000280      0x24a ./User/system_ch32h417.o
 .debug_abbrev  0x00000000000004ca       0x12 ./Startup/startup_ch32h417_v3f.o
 .debug_abbrev  0x00000000000004dc      0x318 ./Peripheral/src/ch32h417_flash.o
 .debug_abbrev  0x00000000000007f4      0x269 ./Peripheral/src/ch32h417_gpio.o
 .debug_abbrev  0x0000000000000a5d      0x39f ./Peripheral/src/ch32h417_rcc.o
 .debug_abbrev  0x0000000000000dfc      0x25f ./Peripheral/src/ch32h417_swpmi.o
 .debug_abbrev  0x000000000000105b      0x337 ./Peripheral/src/ch32h417_tim.o
 .debug_abbrev  0x0000000000001392      0x210 ./Peripheral/src/ch32h417_usart.o
 .debug_abbrev  0x00000000000015a2      0x249 ./Debug/debug.o
 .debug_abbrev  0x00000000000017eb      0x349 ./Common/UVC/uvc.o
 .debug_abbrev  0x0000000000001b34      0x121 ./Common/UVC/uvcclassdes.o
 .debug_abbrev  0x0000000000001c55      0x28f ./Common/DVP/dvp.o
 .debug_abbrev  0x0000000000001ee4      0x366 ./Common/DVP/ov2640.o
 .debug_abbrev  0x000000000000224a      0x399 ./Common/ch32h417_usbhs_device.o
 .debug_abbrev  0x00000000000025e3      0x4bb ./Common/ch32h417_usbss_device.o
 .debug_abbrev  0x0000000000002a9e      0x293 ./Common/ch32h417_usbss_it.o
 .debug_abbrev  0x0000000000002d31      0x102 ./Common/hardware.o
 .debug_abbrev  0x0000000000002e33       0xa9 ./Common/usb_desc.o

.debug_aranges  0x0000000000000000      0xce0
 .debug_aranges
                0x0000000000000000       0x28 ./User/ch32h417_it.o
 .debug_aranges
                0x0000000000000028       0x20 ./User/main.o
 .debug_aranges
                0x0000000000000048       0x28 ./User/system_ch32h417.o
 .debug_aranges
                0x0000000000000070       0x38 ./Startup/startup_ch32h417_v3f.o
 .debug_aranges
                0x00000000000000a8      0x110 ./Peripheral/src/ch32h417_flash.o
 .debug_aranges
                0x00000000000001b8       0xa0 ./Peripheral/src/ch32h417_gpio.o
 .debug_aranges
                0x0000000000000258      0x200 ./Peripheral/src/ch32h417_rcc.o
 .debug_aranges
                0x0000000000000458       0xa0 ./Peripheral/src/ch32h417_swpmi.o
 .debug_aranges
                0x00000000000004f8      0x3a8 ./Peripheral/src/ch32h417_tim.o
 .debug_aranges
                0x00000000000008a0      0x100 ./Peripheral/src/ch32h417_usart.o
 .debug_aranges
                0x00000000000009a0       0x50 ./Debug/debug.o
 .debug_aranges
                0x00000000000009f0       0x50 ./Common/UVC/uvc.o
 .debug_aranges
                0x0000000000000a40       0x30 ./Common/UVC/uvcclassdes.o
 .debug_aranges
                0x0000000000000a70       0x70 ./Common/DVP/dvp.o
 .debug_aranges
                0x0000000000000ae0       0xa0 ./Common/DVP/ov2640.o
 .debug_aranges
                0x0000000000000b80       0x48 ./Common/ch32h417_usbhs_device.o
 .debug_aranges
                0x0000000000000bc8       0xa0 ./Common/ch32h417_usbss_device.o
 .debug_aranges
                0x0000000000000c68       0x40 ./Common/ch32h417_usbss_it.o
 .debug_aranges
                0x0000000000000ca8       0x20 ./Common/hardware.o
 .debug_aranges
                0x0000000000000cc8       0x18 ./Common/usb_desc.o

.debug_rnglists
                0x0000000000000000      0xe30
 .debug_rnglists
                0x0000000000000000       0x1f ./User/ch32h417_it.o
 .debug_rnglists
                0x000000000000001f       0x16 ./User/main.o
 .debug_rnglists
                0x0000000000000035       0x58 ./User/system_ch32h417.o
 .debug_rnglists
                0x000000000000008d       0x27 ./Startup/startup_ch32h417_v3f.o
 .debug_rnglists
                0x00000000000000b4      0x124 ./Peripheral/src/ch32h417_flash.o
 .debug_rnglists
                0x00000000000001d8       0xa6 ./Peripheral/src/ch32h417_gpio.o
 .debug_rnglists
                0x000000000000027e      0x26a ./Peripheral/src/ch32h417_rcc.o
 .debug_rnglists
                0x00000000000004e8       0xa6 ./Peripheral/src/ch32h417_swpmi.o
 .debug_rnglists
                0x000000000000058e      0x40f ./Peripheral/src/ch32h417_tim.o
 .debug_rnglists
                0x000000000000099d      0x112 ./Peripheral/src/ch32h417_usart.o
 .debug_rnglists
                0x0000000000000aaf       0x4c ./Debug/debug.o
 .debug_rnglists
                0x0000000000000afb       0x72 ./Common/UVC/uvc.o
 .debug_rnglists
                0x0000000000000b6d       0x28 ./Common/UVC/uvcclassdes.o
 .debug_rnglists
                0x0000000000000b95       0x70 ./Common/DVP/dvp.o
 .debug_rnglists
                0x0000000000000c05       0xa6 ./Common/DVP/ov2640.o
 .debug_rnglists
                0x0000000000000cab       0x43 ./Common/ch32h417_usbhs_device.o
 .debug_rnglists
                0x0000000000000cee       0xb9 ./Common/ch32h417_usbss_device.o
 .debug_rnglists
                0x0000000000000da7       0x73 ./Common/ch32h417_usbss_it.o
 .debug_rnglists
                0x0000000000000e1a       0x16 ./Common/hardware.o

.debug_line     0x0000000000000000    0x1299f
 .debug_line    0x0000000000000000       0xdb ./User/ch32h417_it.o
 .debug_line    0x00000000000000db      0x10d ./User/main.o
 .debug_line    0x00000000000001e8      0x97f ./User/system_ch32h417.o
 .debug_line    0x0000000000000b67      0x257 ./Startup/startup_ch32h417_v3f.o
 .debug_line    0x0000000000000dbe     0x251b ./Peripheral/src/ch32h417_flash.o
 .debug_line    0x00000000000032d9     0x1461 ./Peripheral/src/ch32h417_gpio.o
 .debug_line    0x000000000000473a     0x1cd1 ./Peripheral/src/ch32h417_rcc.o
 .debug_line    0x000000000000640b      0x5eb ./Peripheral/src/ch32h417_swpmi.o
 .debug_line    0x00000000000069f6     0x39c1 ./Peripheral/src/ch32h417_tim.o
 .debug_line    0x000000000000a3b7      0xe3a ./Peripheral/src/ch32h417_usart.o
 .debug_line    0x000000000000b1f1      0x5b8 ./Debug/debug.o
 .debug_line    0x000000000000b7a9     0x146d ./Common/UVC/uvc.o
 .debug_line    0x000000000000cc16      0x484 ./Common/UVC/uvcclassdes.o
 .debug_line    0x000000000000d09a      0x8e8 ./Common/DVP/dvp.o
 .debug_line    0x000000000000d982      0xf6b ./Common/DVP/ov2640.o
 .debug_line    0x000000000000e8ed     0x1818 ./Common/ch32h417_usbhs_device.o
 .debug_line    0x0000000000010105     0x15a6 ./Common/ch32h417_usbss_device.o
 .debug_line    0x00000000000116ab     0x119f ./Common/ch32h417_usbss_it.o
 .debug_line    0x000000000001284a      0x104 ./Common/hardware.o
 .debug_line    0x000000000001294e       0x51 ./Common/usb_desc.o

.debug_str      0x0000000000000000     0x48c5
 .debug_str     0x0000000000000000      0x265 ./User/ch32h417_it.o
                                        0x2b4 (size before relaxing)
 .debug_str     0x0000000000000265       0x6e ./User/main.o
                                        0x2fd (size before relaxing)
 .debug_str     0x00000000000002d3      0x17e ./User/system_ch32h417.o
                                        0x466 (size before relaxing)
 .debug_str     0x0000000000000451       0x78 ./Startup/startup_ch32h417_v3f.o
 .debug_str     0x00000000000004c9      0x4a5 ./Peripheral/src/ch32h417_flash.o
                                        0x6d7 (size before relaxing)
 .debug_str     0x000000000000096e      0x406 ./Peripheral/src/ch32h417_gpio.o
                                        0x61c (size before relaxing)
 .debug_str     0x0000000000000d74      0x8e9 ./Peripheral/src/ch32h417_rcc.o
                                        0xeaa (size before relaxing)
 .debug_str     0x000000000000165d      0x1fa ./Peripheral/src/ch32h417_swpmi.o
                                        0x480 (size before relaxing)
 .debug_str     0x0000000000001857      0xcee ./Peripheral/src/ch32h417_tim.o
                                       0x1107 (size before relaxing)
 .debug_str     0x0000000000002545      0x426 ./Peripheral/src/ch32h417_usart.o
                                        0x738 (size before relaxing)
 .debug_str     0x000000000000296b       0x83 ./Debug/debug.o
                                        0x550 (size before relaxing)
 .debug_str     0x00000000000029ee     0x1256 ./Common/UVC/uvc.o
                                       0x156b (size before relaxing)
 .debug_str     0x0000000000003c44       0xf9 ./Common/UVC/uvcclassdes.o
                                        0x2d2 (size before relaxing)
 .debug_str     0x0000000000003d3d       0xe7 ./Common/DVP/dvp.o
                                        0x3c7 (size before relaxing)
 .debug_str     0x0000000000003e24      0x2e3 ./Common/DVP/ov2640.o
                                        0x750 (size before relaxing)
 .debug_str     0x0000000000004107      0x262 ./Common/ch32h417_usbhs_device.o
                                       0x130f (size before relaxing)
 .debug_str     0x0000000000004369      0x3e4 ./Common/ch32h417_usbss_device.o
                                       0x1526 (size before relaxing)
 .debug_str     0x000000000000474d      0x141 ./Common/ch32h417_usbss_it.o
                                        0xb66 (size before relaxing)
 .debug_str     0x000000000000488e      0x24b ./Common/hardware.o
 .debug_str     0x000000000000488e       0x37 ./Common/usb_desc.o
                                        0x291 (size before relaxing)

.debug_line_str
                0x0000000000000000      0x9c1
 .debug_line_str
                0x0000000000000000      0x1be ./User/ch32h417_it.o
                                        0x201 (size before relaxing)
 .debug_line_str
                0x00000000000001be       0xc0 ./User/main.o
                                        0x29d (size before relaxing)
 .debug_line_str
                0x000000000000027e       0x5f ./User/system_ch32h417.o
                                        0x297 (size before relaxing)
 .debug_line_str
                0x00000000000002dd       0x45 ./Startup/startup_ch32h417_v3f.o
                                         0x83 (size before relaxing)
 .debug_line_str
                0x0000000000000322       0x8c ./Peripheral/src/ch32h417_flash.o
                                        0x2b5 (size before relaxing)
 .debug_line_str
                0x00000000000003ae       0x54 ./Peripheral/src/ch32h417_gpio.o
                                        0x2d1 (size before relaxing)
 .debug_line_str
                0x0000000000000402       0x44 ./Peripheral/src/ch32h417_rcc.o
                                        0x2bd (size before relaxing)
 .debug_line_str
                0x0000000000000446       0x57 ./Peripheral/src/ch32h417_swpmi.o
                                        0x2c4 (size before relaxing)
 .debug_line_str
                0x000000000000049d       0x53 ./Peripheral/src/ch32h417_tim.o
                                        0x2bc (size before relaxing)
 .debug_line_str
                0x00000000000004f0       0x57 ./Peripheral/src/ch32h417_usart.o
                                        0x2c4 (size before relaxing)
 .debug_line_str
                0x0000000000000547       0xd9 ./Debug/debug.o
                                        0x386 (size before relaxing)
 .debug_line_str
                0x0000000000000620      0x17f ./Common/UVC/uvc.o
                                        0x46f (size before relaxing)
 .debug_line_str
                0x000000000000079f       0x3f ./Common/UVC/uvcclassdes.o
                                        0x2c7 (size before relaxing)
 .debug_line_str
                0x00000000000007de       0x37 ./Common/DVP/dvp.o
                                        0x30f (size before relaxing)
 .debug_line_str
                0x0000000000000815       0x4e ./Common/DVP/ov2640.o
                                        0x415 (size before relaxing)
 .debug_line_str
                0x0000000000000863       0x68 ./Common/ch32h417_usbhs_device.o
                                        0x4cd (size before relaxing)
 .debug_line_str
                0x00000000000008cb       0x45 ./Common/ch32h417_usbss_device.o
                                        0x32b (size before relaxing)
 .debug_line_str
                0x0000000000000910       0x41 ./Common/ch32h417_usbss_it.o
                                        0x49a (size before relaxing)
 .debug_line_str
                0x0000000000000951       0x38 ./Common/hardware.o
                                        0x32e (size before relaxing)
 .debug_line_str
                0x0000000000000989       0x38 ./Common/usb_desc.o
                                        0x215 (size before relaxing)

.comment        0x0000000000000000       0x31
 .comment       0x0000000000000000       0x31 ./User/ch32h417_it.o
                                         0x32 (size before relaxing)
 .comment       0x0000000000000031       0x32 ./User/main.o
 .comment       0x0000000000000031       0x32 ./User/system_ch32h417.o
 .comment       0x0000000000000031       0x32 ./Peripheral/src/ch32h417_flash.o
 .comment       0x0000000000000031       0x32 ./Peripheral/src/ch32h417_gpio.o
 .comment       0x0000000000000031       0x32 ./Peripheral/src/ch32h417_rcc.o
 .comment       0x0000000000000031       0x32 ./Peripheral/src/ch32h417_swpmi.o
 .comment       0x0000000000000031       0x32 ./Peripheral/src/ch32h417_tim.o
 .comment       0x0000000000000031       0x32 ./Peripheral/src/ch32h417_usart.o
 .comment       0x0000000000000031       0x32 ./Debug/debug.o
 .comment       0x0000000000000031       0x32 ./Common/UVC/uvc.o
 .comment       0x0000000000000031       0x32 ./Common/UVC/uvcclassdes.o
 .comment       0x0000000000000031       0x32 ./Common/DVP/dvp.o
 .comment       0x0000000000000031       0x32 ./Common/DVP/ov2640.o
 .comment       0x0000000000000031       0x32 ./Common/ch32h417_usbhs_device.o
 .comment       0x0000000000000031       0x32 ./Common/ch32h417_usbss_device.o
 .comment       0x0000000000000031       0x32 ./Common/ch32h417_usbss_it.o
 .comment       0x0000000000000031       0x32 ./Common/hardware.o
 .comment       0x0000000000000031       0x32 ./Common/usb_desc.o
 .comment       0x0000000000000031       0x32 d:/app/mounriver_studio/mounriver_studio2/resources/app/resources/win32/components/wch/toolchain/risc-v embedded gcc12/bin/../lib/gcc/riscv-wch-elf/12.2.0/rv32imac_zba_zbb_zbc_zbs_xw/ilp32\libgcc.a(_udivdi3.o)
 .comment       0x0000000000000031       0x32 d:/app/mounriver_studio/mounriver_studio2/resources/app/resources/win32/components/wch/toolchain/risc-v embedded gcc12/bin/../lib/gcc/riscv-wch-elf/12.2.0/rv32imac_zba_zbb_zbc_zbs_xw/ilp32\libgcc.a(_clz.o)
 .comment       0x0000000000000031       0x32 d:/app/mounriver_studio/mounriver_studio2/resources/app/resources/win32/components/wch/toolchain/risc-v embedded gcc12/bin/../lib/gcc/riscv-wch-elf/12.2.0/../../../../riscv-wch-elf/lib/rv32imac_zba_zbb_zbc_zbs_xw/ilp32\libg_nano.a(lib_a-printf.o)
 .comment       0x0000000000000031       0x32 d:/app/mounriver_studio/mounriver_studio2/resources/app/resources/win32/components/wch/toolchain/risc-v embedded gcc12/bin/../lib/gcc/riscv-wch-elf/12.2.0/../../../../riscv-wch-elf/lib/rv32imac_zba_zbb_zbc_zbs_xw/ilp32\libg_nano.a(lib_a-puts.o)
 .comment       0x0000000000000031       0x32 d:/app/mounriver_studio/mounriver_studio2/resources/app/resources/win32/components/wch/toolchain/risc-v embedded gcc12/bin/../lib/gcc/riscv-wch-elf/12.2.0/../../../../riscv-wch-elf/lib/rv32imac_zba_zbb_zbc_zbs_xw/ilp32\libg_nano.a(lib_a-wbuf.o)
 .comment       0x0000000000000031       0x32 d:/app/mounriver_studio/mounriver_studio2/resources/app/resources/win32/components/wch/toolchain/risc-v embedded gcc12/bin/../lib/gcc/riscv-wch-elf/12.2.0/../../../../riscv-wch-elf/lib/rv32imac_zba_zbb_zbc_zbs_xw/ilp32\libg_nano.a(lib_a-wsetup.o)